Component: ARM Compiler 5.06 update 4 (build 422) Tool: armlink [4d35d2]

==============================================================================

Section Cross References

    usbd_ioreq.o(i.USBD_CtlContinueRx) refers to usbd_conf.o(i.USBD_LL_PrepareReceive) for USBD_LL_PrepareReceive
    usbd_ioreq.o(i.USBD_CtlContinueSendData) refers to usbd_conf.o(i.USBD_LL_Transmit) for USBD_LL_Transmit
    usbd_ioreq.o(i.USBD_CtlPrepareRx) refers to usbd_conf.o(i.USBD_LL_PrepareReceive) for USBD_LL_PrepareReceive
    usbd_ioreq.o(i.USBD_CtlReceiveStatus) refers to usbd_conf.o(i.USBD_LL_PrepareReceive) for USBD_LL_PrepareReceive
    usbd_ioreq.o(i.USBD_CtlSendData) refers to usbd_conf.o(i.USBD_LL_Transmit) for USBD_LL_Transmit
    usbd_ioreq.o(i.USBD_CtlSendStatus) refers to usbd_conf.o(i.USBD_LL_Transmit) for USBD_LL_Transmit
    usbd_ioreq.o(i.USBD_GetRxCount) refers to usbd_conf.o(i.USBD_LL_GetRxDataSize) for USBD_LL_GetRxDataSize
    usbd_core.o(i.USBD_DeInit) refers to usbd_conf.o(i.USBD_LL_Stop) for USBD_LL_Stop
    usbd_core.o(i.USBD_DeInit) refers to usbd_conf.o(i.USBD_LL_DeInit) for USBD_LL_DeInit
    usbd_core.o(i.USBD_Init) refers to usbd_conf.o(i.USBD_LL_Init) for USBD_LL_Init
    usbd_core.o(i.USBD_LL_DataInStage) refers to usbd_ioreq.o(i.USBD_CtlContinueSendData) for USBD_CtlContinueSendData
    usbd_core.o(i.USBD_LL_DataInStage) refers to usbd_conf.o(i.USBD_LL_PrepareReceive) for USBD_LL_PrepareReceive
    usbd_core.o(i.USBD_LL_DataInStage) refers to usbd_ioreq.o(i.USBD_CtlReceiveStatus) for USBD_CtlReceiveStatus
    usbd_core.o(i.USBD_LL_DataOutStage) refers to usbd_ioreq.o(i.USBD_CtlContinueRx) for USBD_CtlContinueRx
    usbd_core.o(i.USBD_LL_DataOutStage) refers to usbd_ioreq.o(i.USBD_CtlSendStatus) for USBD_CtlSendStatus
    usbd_core.o(i.USBD_LL_Reset) refers to usbd_conf.o(i.USBD_LL_OpenEP) for USBD_LL_OpenEP
    usbd_core.o(i.USBD_LL_SetupStage) refers to usbd_ctlreq.o(i.USBD_ParseSetupRequest) for USBD_ParseSetupRequest
    usbd_core.o(i.USBD_LL_SetupStage) refers to usbd_conf.o(i.USBD_LL_StallEP) for USBD_LL_StallEP
    usbd_core.o(i.USBD_LL_SetupStage) refers to usbd_ctlreq.o(i.USBD_StdDevReq) for USBD_StdDevReq
    usbd_core.o(i.USBD_LL_SetupStage) refers to usbd_ctlreq.o(i.USBD_StdItfReq) for USBD_StdItfReq
    usbd_core.o(i.USBD_LL_SetupStage) refers to usbd_ctlreq.o(i.USBD_StdEPReq) for USBD_StdEPReq
    usbd_core.o(i.USBD_Start) refers to usbd_conf.o(i.USBD_LL_Start) for USBD_LL_Start
    usbd_core.o(i.USBD_Stop) refers to usbd_conf.o(i.USBD_LL_Stop) for USBD_LL_Stop
    usbd_ctlreq.o(i.USBD_CtlError) refers to usbd_conf.o(i.USBD_LL_StallEP) for USBD_LL_StallEP
    usbd_ctlreq.o(i.USBD_StdDevReq) refers to usbd_conf.o(i.USBD_LL_SetUSBAddress) for USBD_LL_SetUSBAddress
    usbd_ctlreq.o(i.USBD_StdDevReq) refers to usbd_ioreq.o(i.USBD_CtlSendStatus) for USBD_CtlSendStatus
    usbd_ctlreq.o(i.USBD_StdDevReq) refers to usbd_core.o(i.USBD_SetClassConfig) for USBD_SetClassConfig
    usbd_ctlreq.o(i.USBD_StdDevReq) refers to usbd_core.o(i.USBD_ClrClassConfig) for USBD_ClrClassConfig
    usbd_ctlreq.o(i.USBD_StdDevReq) refers to usbd_conf.o(i.USBD_LL_StallEP) for USBD_LL_StallEP
    usbd_ctlreq.o(i.USBD_StdDevReq) refers to usbd_ioreq.o(i.USBD_CtlSendData) for USBD_CtlSendData
    usbd_ctlreq.o(i.USBD_StdDevReq) refers to usbd_ctlreq.o(.data) for .data
    usbd_ctlreq.o(i.USBD_StdEPReq) refers to usbd_conf.o(i.USBD_LL_StallEP) for USBD_LL_StallEP
    usbd_ctlreq.o(i.USBD_StdEPReq) refers to usbd_ioreq.o(i.USBD_CtlSendStatus) for USBD_CtlSendStatus
    usbd_ctlreq.o(i.USBD_StdEPReq) refers to usbd_conf.o(i.USBD_LL_ClearStallEP) for USBD_LL_ClearStallEP
    usbd_ctlreq.o(i.USBD_StdEPReq) refers to usbd_conf.o(i.USBD_LL_IsStallEP) for USBD_LL_IsStallEP
    usbd_ctlreq.o(i.USBD_StdEPReq) refers to usbd_ioreq.o(i.USBD_CtlSendData) for USBD_CtlSendData
    usbd_ctlreq.o(i.USBD_StdItfReq) refers to usbd_ioreq.o(i.USBD_CtlSendStatus) for USBD_CtlSendStatus
    usbd_ctlreq.o(i.USBD_StdItfReq) refers to usbd_conf.o(i.USBD_LL_StallEP) for USBD_LL_StallEP
    usbd_cdc.o(i.USBD_CDC_DataOut) refers to usbd_conf.o(i.USBD_LL_GetRxDataSize) for USBD_LL_GetRxDataSize
    usbd_cdc.o(i.USBD_CDC_DeInit) refers to usbd_conf.o(i.USBD_LL_CloseEP) for USBD_LL_CloseEP
    usbd_cdc.o(i.USBD_CDC_DeInit) refers to usbd_conf.o(i.USBD_static_free) for USBD_static_free
    usbd_cdc.o(i.USBD_CDC_GetDeviceQualifierDescriptor) refers to usbd_cdc.o(.data) for .data
    usbd_cdc.o(i.USBD_CDC_GetFSCfgDesc) refers to usbd_cdc.o(.data) for .data
    usbd_cdc.o(i.USBD_CDC_GetHSCfgDesc) refers to usbd_cdc.o(.data) for .data
    usbd_cdc.o(i.USBD_CDC_GetOtherSpeedCfgDesc) refers to usbd_cdc.o(.data) for .data
    usbd_cdc.o(i.USBD_CDC_Init) refers to usbd_conf.o(i.USBD_LL_OpenEP) for USBD_LL_OpenEP
    usbd_cdc.o(i.USBD_CDC_Init) refers to usbd_conf.o(i.USBD_static_malloc) for USBD_static_malloc
    usbd_cdc.o(i.USBD_CDC_Init) refers to usbd_conf.o(i.USBD_LL_PrepareReceive) for USBD_LL_PrepareReceive
[...]
    Removing spi.o(.revsh_text), (4 bytes).
    Removing spi.o(.rrx_text), (6 bytes).
    Removing spi.o(i.HAL_SPI_MspDeInit), (56 bytes).
    Removing gpio.o(.rev16_text), (4 bytes).
    Removing gpio.o(.revsh_text), (4 bytes).
    Removing gpio.o(.rrx_text), (6 bytes).
    Removing usb_device.o(.rev16_text), (4 bytes).
    Removing usb_device.o(.revsh_text), (4 bytes).
    Removing usb_device.o(.rrx_text), (6 bytes).
    Removing usb_device.o(i.HAL_PCDEx_BCD_Callback), (68 bytes).
    Removing startup_stm32l476xx.o(HEAP), (4096 bytes).

515 unused section(s) (total 43548 bytes) removed from the image.

==============================================================================

Image Symbol Table

    Local Symbols

    Symbol Name                              Value     Ov Type        Size  Object(Section)

    ../Drivers/STM32L4xx_HAL_Driver/Src/stm32l4xx_hal.c 0x00000000   Number         0  stm32l4xx_hal.o ABSOLUTE
    ../Drivers/STM32L4xx_HAL_Driver/Src/stm32l4xx_hal_cortex.c 0x00000000   Number         0  stm32l4xx_hal_cortex.o ABSOLUTE
    ../Drivers/STM32L4xx_HAL_Driver/Src/stm32l4xx_hal_dma.c 0x00000000   Number         0  stm32l4xx_hal_dma.o ABSOLUTE
    ../Drivers/STM32L4xx_HAL_Driver/Src/stm32l4xx_hal_flash.c 0x00000000   Number         0  stm32l4xx_hal_flash.o ABSOLUTE
    ../Drivers/STM32L4xx_HAL_Driver/Src/stm32l4xx_hal_flash_ex.c 0x00000000   Number         0  stm32l4xx_hal_flash_ex.o ABSOLUTE
    ../Drivers/STM32L4xx_HAL_Driver/Src/stm32l4xx_hal_flash_ramfunc.c 0x00000000   Number         0  stm32l4xx_hal_flash_ramfunc.o ABSOLUTE
    ../Drivers/STM32L4xx_HAL_Driver/Src/stm32l4xx_hal_gpio.c 0x00000000   Number         0  stm32l4xx_hal_gpio.o ABSOLUTE
    ../Drivers/STM32L4xx_HAL_Driver/Src/stm32l4xx_hal_i2c.c 0x00000000   Number         0  stm32l4xx_hal_i2c.o ABSOLUTE
    ../Drivers/STM32L4xx_HAL_Driver/Src/stm32l4xx_hal_i2c_ex.c 0x00000000   Number         0  stm32l4xx_hal_i2c_ex.o ABSOLUTE
    ../Drivers/STM32L4xx_HAL_Driver/Src/stm32l4xx_hal_pcd.c 0x00000000   Number         0  stm32l4xx_hal_pcd.o ABSOLUTE
    ../Drivers/STM32L4xx_HAL_Driver/Src/stm32l4xx_hal_pcd_ex.c 0x00000000   Number         0  stm32l4xx_hal_pcd_ex.o ABSOLUTE
    ../Drivers/STM32L4xx_HAL_Driver/Src/stm32l4xx_hal_pwr.c 0x00000000   Number         0  stm32l4xx_hal_pwr.o ABSOLUTE
    ../Drivers/STM32L4xx_HAL_Driver/Src/stm32l4xx_hal_pwr_ex.c 0x00000000   Number         0  stm32l4xx_hal_pwr_ex.o ABSOLUTE
    ../Drivers/STM32L4xx_HAL_Driver/Src/stm32l4xx_hal_rcc.c 0x00000000   Number         0  stm32l4xx_hal_rcc.o ABSOLUTE
    ../Drivers/STM32L4xx_HAL_Driver/Src/stm32l4xx_hal_rcc_ex.c 0x00000000   Number         0  stm32l4xx_hal_rcc_ex.o ABSOLUTE
    ../Drivers/STM32L4xx_HAL_Driver/Src/stm32l4xx_hal_spi.c 0x00000000   Number         0  stm32l4xx_hal_spi.o ABSOLUTE
    ../Drivers/STM32L4xx_HAL_Driver/Src/stm32l4xx_hal_spi_ex.c 0x00000000   Number         0  stm32l4xx_hal_spi_ex.o ABSOLUTE
    ../Drivers/STM32L4xx_HAL_Driver/Src/stm32l4xx_hal_tim.c 0x00000000   Number         0  stm32l4xx_hal_tim.o ABSOLUTE
    ../Drivers/STM32L4xx_HAL_Driver/Src/stm32l4xx_hal_tim_ex.c 0x00000000   Number         0  stm32l4xx_hal_tim_ex.o ABSOLUTE
    ../Drivers/STM32L4xx_HAL_Driver/Src/stm32l4xx_hal_uart.c 0x00000000   Number         0  stm32l4xx_hal_uart.o ABSOLUTE
    ../Drivers/STM32L4xx_HAL_Driver/Src/stm32l4xx_hal_uart_ex.c 0x00000000   Number         0  stm32l4xx_hal_uart_ex.o ABSOLUTE
    ../Drivers/STM32L4xx_HAL_Driver/Src/stm32l4xx_ll_usb.c 0x00000000   Number         0  stm32l4xx_ll_usb.o ABSOLUTE
    ../Middlewares/ST/STM32_USB_Device_Library/Class/CDC/Src/usbd_cdc.c 0x00000000   Number         0  usbd_cdc.o ABSOLUTE
    ../Middlewares/ST/STM32_USB_Device_Library/Core/Src/usbd_core.c 0x00000000   Number         0  usbd_core.o ABSOLUTE
    ../Middlewares/ST/STM32_USB_Device_Library/Core/Src/usbd_ctlreq.c 0x00000000   Number         0  usbd_ctlreq.o ABSOLUTE
    ../Middlewares/ST/STM32_USB_Device_Library/Core/Src/usbd_ioreq.c 0x00000000   Number         0  usbd_ioreq.o ABSOLUTE
    ../Src/dma.c                             0x00000000   Number         0  dma.o ABSOLUTE
    ../Src/gpio.c                            0x00000000   Number         0  gpio.o ABSOLUTE
    ../Src/main.c                            0x00000000   Number         0  main.o ABSOLUTE
    ../Src/spi.c                             0x00000000   Number         0  spi.o ABSOLUTE
    ../Src/stm32l4xx_hal_msp.c               0x00000000   Number         0  stm32l4xx_hal_msp.o ABSOLUTE
    ../Src/stm32l4xx_it.c                    0x00000000   Number         0  stm32l4xx_it.o ABSOLUTE
    ../Src/system_stm32l4xx.c                0x00000000   Number         0  system_stm32l4xx.o ABSOLUTE
    ../Src/usart.c                           0x00000000   Number         0  usart.o ABSOLUTE
    ../Src/usb_device.c                      0x00000000   Number         0  usb_device.o ABSOLUTE
    ../Src/usbd_cdc_if.c                     0x00000000   Number         0  usbd_cdc_if.o ABSOLUTE
    ../Src/usbd_conf.c                       0x00000000   Number         0  usbd_conf.o ABSOLUTE
    ../Src/usbd_desc.c                       0x00000000   Number         0  usbd_desc.o ABSOLUTE
    ../clib/../cmprslib/zerorunl2.c          0x00000000   Number         0  __dczerorl2.o ABSOLUTE
    ../clib/microlib/division.c              0x00000000   Number         0  uldiv.o ABSOLUTE
    ../clib/microlib/init/entry.s            0x00000000   Number         0  entry7b.o ABSOLUTE
    ../clib/microlib/init/entry.s            0x00000000   Number         0  entry5.o ABSOLUTE
    ../clib/microlib/init/entry.s            0x00000000   Number         0  entry2.o ABSOLUTE
    ../clib/microlib/init/entry.s            0x00000000   Number         0  entry.o ABSOLUTE
    ../clib/microlib/init/entry.s            0x00000000   Number         0  entry7a.o ABSOLUTE
    ../clib/microlib/init/entry.s            0x00000000   Number         0  entry11b.o ABSOLUTE
    ../clib/microlib/init/entry.s            0x00000000   Number         0  entry11a.o ABSOLUTE
    ../clib/microlib/init/entry.s            0x00000000   Number         0  entry10b.o ABSOLUTE
    ../clib/microlib/init/entry.s            0x00000000   Number         0  entry10a.o ABSOLUTE
    ../clib/microlib/init/entry.s            0x00000000   Number         0  entry9b.o ABSOLUTE
    ../clib/microlib/init/entry.s            0x00000000   Number         0  entry9a.o ABSOLUTE
    ../clib/microlib/init/entry.s            0x00000000   Number         0  entry8b.o ABSOLUTE
    ../clib/microlib/init/entry.s            0x00000000   Number         0  entry8a.o ABSOLUTE
    ../clib/microlib/longlong.c              0x00000000   Number         0  llshl.o ABSOLUTE
    ../clib/microlib/longlong.c              0x00000000   Number         0  llushr.o ABSOLUTE
    ../clib/microlib/string/memcpy.c         0x00000000   Number         0  memcpyb.o ABSOLUTE
    ../clib/microlib/string/memcpy.c         0x00000000   Number         0  memcpya.o ABSOLUTE
    ..\Drivers\STM32L4xx_HAL_Driver\Src\stm32l4xx_hal.c 0x00000000   Number         0  stm32l4xx_hal.o ABSOLUTE
    ..\Drivers\STM32L4xx_HAL_Driver\Src\stm32l4xx_hal_cortex.c 0x00000000   Number         0  stm32l4xx_hal_cortex.o ABSOLUTE
    ..\Drivers\STM32L4xx_HAL_Driver\Src\stm32l4xx_hal_dma.c 0x00000000   Number         0  stm32l4xx_hal_dma.o ABSOLUTE
    ..\Drivers\STM32L4xx_HAL_Driver\Src\stm32l4xx_hal_flash.c 0x00000000   Number         0  stm32l4xx_hal_flash.o ABSOLUTE
    ..\Drivers\STM32L4xx_HAL_Driver\Src\stm32l4xx_hal_flash_ex.c 0x00000000   Number         0  stm32l4xx_hal_flash_ex.o ABSOLUTE
    ..\Drivers\STM32L4xx_HAL_Driver\Src\stm32l4xx_hal_flash_ramfunc.c 0x00000000   Number         0  stm32l4xx_hal_flash_ramfunc.o ABSOLUTE
    ..\Drivers\STM32L4xx_HAL_Driver\Src\stm32l4xx_hal_gpio.c 0x00000000   Number         0  stm32l4xx_hal_gpio.o ABSOLUTE
    ..\Drivers\STM32L4xx_HAL_Driver\Src\stm32l4xx_hal_i2c.c 0x00000000   Number         0  stm32l4xx_hal_i2c.o ABSOLUTE
    ..\Drivers\STM32L4xx_HAL_Driver\Src\stm32l4xx_hal_i2c_ex.c 0x00000000   Number         0  stm32l4xx_hal_i2c_ex.o ABSOLUTE
    ..\Drivers\STM32L4xx_HAL_Driver\Src\stm32l4xx_hal_pcd.c 0x00000000   Number         0  stm32l4xx_hal_pcd.o ABSOLUTE
    ..\Drivers\STM32L4xx_HAL_Driver\Src\stm32l4xx_hal_pcd_ex.c 0x00000000   Number         0  stm32l4xx_hal_pcd_ex.o ABSOLUTE
    ..\Drivers\STM32L4xx_HAL_Driver\Src\stm32l4xx_hal_pwr.c 0x00000000   Number         0  stm32l4xx_hal_pwr.o ABSOLUTE
    ..\Drivers\STM32L4xx_HAL_Driver\Src\stm32l4xx_hal_pwr_ex.c 0x00000000   Number         0  stm32l4xx_hal_pwr_ex.o ABSOLUTE
    ..\Drivers\STM32L4xx_HAL_Driver\Src\stm32l4xx_hal_rcc.c 0x00000000   Number         0  stm32l4xx_hal_rcc.o ABSOLUTE
    ..\Drivers\STM32L4xx_HAL_Driver\Src\stm32l4xx_hal_rcc_ex.c 0x00000000   Number         0  stm32l4xx_hal_rcc_ex.o ABSOLUTE
    ..\Drivers\STM32L4xx_HAL_Driver\Src\stm32l4xx_hal_spi.c 0x00000000   Number         0  stm32l4xx_hal_spi.o ABSOLUTE
    ..\Drivers\STM32L4xx_HAL_Driver\Src\stm32l4xx_hal_spi_ex.c 0x00000000   Number         0  stm32l4xx_hal_spi_ex.o ABSOLUTE
    ..\Drivers\STM32L4xx_HAL_Driver\Src\stm32l4xx_hal_tim.c 0x00000000   Number         0  stm32l4xx_hal_tim.o ABSOLUTE
    ..\Drivers\STM32L4xx_HAL_Driver\Src\stm32l4xx_hal_tim_ex.c 0x00000000   Number         0  stm32l4xx_hal_tim_ex.o ABSOLUTE
    ..\Drivers\STM32L4xx_HAL_Driver\Src\stm32l4xx_hal_uart.c 0x00000000   Number         0  stm32l4xx_hal_uart.o ABSOLUTE
    ..\Drivers\STM32L4xx_HAL_Driver\Src\stm32l4xx_hal_uart_ex.c 0x00000000   Number         0  stm32l4xx_hal_uart_ex.o ABSOLUTE
    ..\Drivers\STM32L4xx_HAL_Driver\Src\stm32l4xx_ll_usb.c 0x00000000   Number         0  stm32l4xx_ll_usb.o ABSOLUTE
    ..\Middlewares\ST\STM32_USB_Device_Library\Class\CDC\Src\usbd_cdc.c 0x00000000   Number         0  usbd_cdc.o ABSOLUTE
    ..\Middlewares\ST\STM32_USB_Device_Library\Core\Src\usbd_core.c 0x00000000   Number         0  usbd_core.o ABSOLUTE
    ..\Middlewares\ST\STM32_USB_Device_Library\Core\Src\usbd_ctlreq.c 0x00000000   Number         0  usbd_ctlreq.o ABSOLUTE
    ..\Middlewares\ST\STM32_USB_Device_Library\Core\Src\usbd_ioreq.c 0x00000000   Number         0  usbd_ioreq.o ABSOLUTE
    ..\Src\dma.c                             0x00000000   Number         0  dma.o ABSOLUTE
    ..\Src\gpio.c                            0x00000000   Number         0  gpio.o ABSOLUTE
    ..\Src\main.c                            0x00000000   Number         0  main.o ABSOLUTE
    ..\Src\spi.c                             0x00000000   Number         0  spi.o ABSOLUTE
    ..\Src\stm32l4xx_hal_msp.c               0x00000000   Number         0  stm32l4xx_hal_msp.o ABSOLUTE
    ..\Src\stm32l4xx_it.c                    0x00000000   Number         0  stm32l4xx_it.o ABSOLUTE
    ..\Src\system_stm32l4xx.c                0x00000000   Number         0  system_stm32l4xx.o ABSOLUTE
    ..\Src\usart.c                           0x00000000   Number         0  usart.o ABSOLUTE
    ..\Src\usb_device.c                      0x00000000   Number         0  usb_device.o ABSOLUTE
    ..\Src\usbd_cdc_if.c                     0x00000000   Number         0  usbd_cdc_if.o ABSOLUTE
    ..\Src\usbd_conf.c                       0x00000000   Number         0  usbd_conf.o ABSOLUTE
    ..\Src\usbd_desc.c                       0x00000000   Number         0  usbd_desc.o ABSOLUTE
    dc.s                                     0x00000000   Number         0  dc.o ABSOLUTE
    handlers.s                               0x00000000   Number         0  handlers.o ABSOLUTE
    init.s                                   0x00000000   Number         0  init.o ABSOLUTE
    startup_stm32l476xx.s                    0x00000000   Number         0  startup_stm32l476xx.o ABSOLUTE
    RESET                                    0x08000000   Section      392  startup_stm32l476xx.o(RESET)
    .ARM.Collect$$$$00000000                 0x08000188   Section        0  entry.o(.ARM.Collect$$$$00000000)
    .ARM.Collect$$$$00000001                 0x08000188   Section        4  entry2.o(.ARM.Collect$$$$00000001)
    .ARM.Collect$$$$00000004                 0x0800018c   Section        4  entry5.o(.ARM.Collect$$$$00000004)
    .ARM.Collect$$$$00000008                 0x08000190   Section        0  entry7b.o(.ARM.Collect$$$$00000008)
    .ARM.Collect$$$$0000000A                 0x08000190   Section        0  entry8b.o(.ARM.Collect$$$$0000000A)
    .ARM.Collect$$$$0000000B                 0x08000190   Section        8  entry9a.o(.ARM.Collect$$$$0000000B)
    .ARM.Collect$$$$0000000D                 0x08000198   Section        0  entry10a.o(.ARM.Collect$$$$0000000D)
    .ARM.Collect$$$$0000000F                 0x08000198   Section        0  entry11a.o(.ARM.Collect$$$$0000000F)
    .ARM.Collect$$$$00002712                 0x08000198   Section        4  entry2.o(.ARM.Collect$$$$00002712)
    __lit__00000000                          0x08000198   Data           4  entry2.o(.ARM.Collect$$$$00002712)
    .text                                    0x0800019c   Section       36  startup_stm32l476xx.o(.text)
    $v0                                      0x0800019c   Number         0  startup_stm32l476xx.o(.text)
    .text                                    0x080001c0   Section        0  memcpya.o(.text)
    .text                                    0x080001e4   Section       36  init.o(.text)
    .text                                    0x08000208   Section        0  __dczerorl2.o(.text)
    i.BusFault_Handler                       0x0800025e   Section        0  stm32l4xx_it.o(i.BusFault_Handler)
    i.CDC_Control_FS                         0x08000260   Section        0  usbd_cdc_if.o(i.CDC_Control_FS)
    CDC_Control_FS                           0x08000261   Thumb Code    48  usbd_cdc_if.o(i.CDC_Control_FS)
    i.CDC_DeInit_FS                          0x08000294   Section        0  usbd_cdc_if.o(i.CDC_DeInit_FS)
    CDC_DeInit_FS                            0x08000295   Thumb Code     4  usbd_cdc_if.o(i.CDC_DeInit_FS)
    i.CDC_Init_FS                            0x08000298   Section        0  usbd_cdc_if.o(i.CDC_Init_FS)
    CDC_Init_FS                              0x08000299   Thumb Code    24  usbd_cdc_if.o(i.CDC_Init_FS)
    i.CDC_Receive_FS                         0x080002bc   Section        0  usbd_cdc_if.o(i.CDC_Receive_FS)
    CDC_Receive_FS                           0x080002bd   Thumb Code    74  usbd_cdc_if.o(i.CDC_Receive_FS)
    i.DMA2_Channel2_IRQHandler               0x08000314   Section        0  stm32l4xx_it.o(i.DMA2_Channel2_IRQHandler)
    i.DebugMon_Handler                       0x08000320   Section        0  stm32l4xx_it.o(i.DebugMon_Handler)
    i.Error_Handler                          0x08000322   Section        0  main.o(i.Error_Handler)
    i.HAL_DMA_IRQHandler                     0x08000324   Section        0  stm32l4xx_hal_dma.o(i.HAL_DMA_IRQHandler)
    i.HAL_DMA_Init                           0x080003f0   Section        0  stm32l4xx_hal_dma.o(i.HAL_DMA_Init)
    i.HAL_Delay                              0x080004f0   Section        0  stm32l4xx_hal.o(i.HAL_Delay)
    i.HAL_GPIO_Init                          0x08000510   Section        0  stm32l4xx_hal_gpio.o(i.HAL_GPIO_Init)
    i.HAL_GetTick                            0x08000768   Section        0  stm32l4xx_hal.o(i.HAL_GetTick)
    i.HAL_IncTick                            0x08000774   Section        0  stm32l4xx_hal.o(i.HAL_IncTick)
    i.HAL_Init                               0x08000784   Section        0  stm32l4xx_hal.o(i.HAL_Init)
    i.HAL_InitTick                           0x0800079c   Section        0  stm32l4xx_hal.o(i.HAL_InitTick)
    i.HAL_MspInit                            0x080007c4   Section        0  stm32l4xx_hal_msp.o(i.HAL_MspInit)
    i.HAL_NVIC_EnableIRQ                     0x08000844   Section        0  stm32l4xx_hal_cortex.o(i.HAL_NVIC_EnableIRQ)
    i.HAL_NVIC_SetPriority                   0x0800085c   Section        0  stm32l4xx_hal_cortex.o(i.HAL_NVIC_SetPriority)
    i.HAL_NVIC_SetPriorityGrouping           0x080008c0   Section        0  stm32l4xx_hal_cortex.o(i.HAL_NVIC_SetPriorityGrouping)
    i.HAL_PCDEx_ActivateBCD                  0x080008e4   Section        0  stm32l4xx_hal_pcd_ex.o(i.HAL_PCDEx_ActivateBCD)
    i.HAL_PCDEx_ActivateLPM                  0x080008f8   Section        0  stm32l4xx_hal_pcd_ex.o(i.HAL_PCDEx_ActivateLPM)
    i.HAL_PCDEx_LPM_Callback                 0x08000920   Section        0  usbd_conf.o(i.HAL_PCDEx_LPM_Callback)
    i.HAL_PCDEx_SetRxFiFo                    0x08000984   Section        0  stm32l4xx_hal_pcd_ex.o(i.HAL_PCDEx_SetRxFiFo)
    i.HAL_PCDEx_SetTxFiFo                    0x0800098c   Section        0  stm32l4xx_hal_pcd_ex.o(i.HAL_PCDEx_SetTxFiFo)
    i.HAL_PCD_ConnectCallback                0x080009da   Section        0  usbd_conf.o(i.HAL_PCD_ConnectCallback)
    i.HAL_PCD_DataInStageCallback            0x080009e2   Section        0  usbd_conf.o(i.HAL_PCD_DataInStageCallback)
    i.HAL_PCD_DataOutStageCallback           0x080009f4   Section        0  usbd_conf.o(i.HAL_PCD_DataOutStageCallback)
    i.HAL_PCD_DisconnectCallback             0x08000a08   Section        0  usbd_conf.o(i.HAL_PCD_DisconnectCallback)
    i.HAL_PCD_EP_Close                       0x08000a10   Section        0  stm32l4xx_hal_pcd.o(i.HAL_PCD_EP_Close)
    i.HAL_PCD_EP_ClrStall                    0x08000a56   Section        0  stm32l4xx_hal_pcd.o(i.HAL_PCD_EP_ClrStall)
    i.HAL_PCD_EP_GetRxCount                  0x08000aa4   Section        0  stm32l4xx_hal_pcd.o(i.HAL_PCD_EP_GetRxCount)
    i.HAL_PCD_EP_Open                        0x08000ab8   Section        0  stm32l4xx_hal_pcd.o(i.HAL_PCD_EP_Open)
    i.HAL_PCD_EP_Receive                     0x08000b04   Section        0  stm32l4xx_hal_pcd.o(i.HAL_PCD_EP_Receive)
    i.HAL_PCD_EP_SetStall                    0x08000b5a   Section        0  stm32l4xx_hal_pcd.o(i.HAL_PCD_EP_SetStall)
    i.HAL_PCD_EP_Transmit                    0x08000bb8   Section        0  stm32l4xx_hal_pcd.o(i.HAL_PCD_EP_Transmit)
    i.HAL_PCD_IRQHandler                     0x08000c0c   Section        0  stm32l4xx_hal_pcd.o(i.HAL_PCD_IRQHandler)
    i.HAL_PCD_ISOINIncompleteCallback        0x080012e6   Section        0  usbd_conf.o(i.HAL_PCD_ISOINIncompleteCallback)
    i.HAL_PCD_ISOOUTIncompleteCallback       0x080012ee   Section        0  usbd_conf.o(i.HAL_PCD_ISOOUTIncompleteCallback)
    i.HAL_PCD_Init                           0x080012f6   Section        0  stm32l4xx_hal_pcd.o(i.HAL_PCD_Init)
    i.HAL_PCD_MspInit                        0x080013f0   Section        0  usbd_conf.o(i.HAL_PCD_MspInit)
    i.HAL_PCD_ResetCallback                  0x0800148c   Section        0  usbd_conf.o(i.HAL_PCD_ResetCallback)
    i.HAL_PCD_ResumeCallback                 0x080014a8   Section        0  usbd_conf.o(i.HAL_PCD_ResumeCallback)
    i.HAL_PCD_SOFCallback                    0x080014dc   Section        0  usbd_conf.o(i.HAL_PCD_SOFCallback)
    i.HAL_PCD_SetAddress                     0x080014e4   Section        0  stm32l4xx_hal_pcd.o(i.HAL_PCD_SetAddress)
    i.HAL_PCD_SetupStageCallback             0x0800150c   Section        0  usbd_conf.o(i.HAL_PCD_SetupStageCallback)
    i.HAL_PCD_Start                          0x0800151a   Section        0  stm32l4xx_hal_pcd.o(i.HAL_PCD_Start)
    i.HAL_PCD_SuspendCallback                0x08001544   Section        0  usbd_conf.o(i.HAL_PCD_SuspendCallback)
    i.HAL_PWREx_ControlVoltageScaling        0x08001578   Section        0  stm32l4xx_hal_pwr_ex.o(i.HAL_PWREx_ControlVoltageScaling)
    i.HAL_PWREx_EnableVddIO2                 0x080015e4   Section        0  stm32l4xx_hal_pwr_ex.o(i.HAL_PWREx_EnableVddIO2)
    i.HAL_PWREx_EnableVddUSB                 0x080015f4   Section        0  stm32l4xx_hal_pwr_ex.o(i.HAL_PWREx_EnableVddUSB)
    i.HAL_PWREx_GetVoltageRange              0x08001604   Section        0  stm32l4xx_hal_pwr_ex.o(i.HAL_PWREx_GetVoltageRange)
    i.HAL_RCCEx_PeriphCLKConfig              0x08001614   Section        0  stm32l4xx_hal_rcc_ex.o(i.HAL_RCCEx_PeriphCLKConfig)
    i.HAL_RCC_ClockConfig                    0x08001a24   Section        0  stm32l4xx_hal_rcc.o(i.HAL_RCC_ClockConfig)
    i.HAL_RCC_GetHCLKFreq                    0x08001bcc   Section        0  stm32l4xx_hal_rcc.o(i.HAL_RCC_GetHCLKFreq)
    i.HAL_RCC_GetSysClockFreq                0x08001bd8   Section        0  stm32l4xx_hal_rcc.o(i.HAL_RCC_GetSysClockFreq)
    i.HAL_RCC_OscConfig                      0x08001d04   Section        0  stm32l4xx_hal_rcc.o(i.HAL_RCC_OscConfig)
    i.HAL_SPI_Init                           0x08002324   Section        0  stm32l4xx_hal_spi.o(i.HAL_SPI_Init)
    i.HAL_SPI_MspInit                        0x080023d8   Section        0  spi.o(i.HAL_SPI_MspInit)
    i.HAL_SYSTICK_CLKSourceConfig            0x08002460   Section        0  stm32l4xx_hal_cortex.o(i.HAL_SYSTICK_CLKSourceConfig)
    i.HAL_SYSTICK_Callback                   0x08002476   Section        0  stm32l4xx_hal_cortex.o(i.HAL_SYSTICK_Callback)
    i.HAL_SYSTICK_Config                     0x08002478   Section        0  stm32l4xx_hal_cortex.o(i.HAL_SYSTICK_Config)
    i.HAL_SYSTICK_IRQHandler                 0x080024a4   Section        0  stm32l4xx_hal_cortex.o(i.HAL_SYSTICK_IRQHandler)
    i.HardFault_Handler                      0x080024ac   Section        0  stm32l4xx_it.o(i.HardFault_Handler)
    i.MX_DMA_Init                            0x080024b0   Section        0  dma.o(i.MX_DMA_Init)
    i.MX_GPIO_Init                           0x080024dc   Section        0  gpio.o(i.MX_GPIO_Init)
    i.MX_SPI3_Init                           0x080025bc   Section        0  spi.o(i.MX_SPI3_Init)
    i.MX_USB_DEVICE_Init                     0x0800260c   Section        0  usb_device.o(i.MX_USB_DEVICE_Init)
    i.Main_loop                              0x08002650   Section        0  usbd_cdc_if.o(i.Main_loop)
    i.MemManage_Handler                      0x0800269c   Section        0  stm32l4xx_it.o(i.MemManage_Handler)
    i.NMI_Handler                            0x0800269e   Section        0  stm32l4xx_it.o(i.NMI_Handler)
    i.OTG_FS_IRQHandler                      0x080026a0   Section        0  stm32l4xx_it.o(i.OTG_FS_IRQHandler)
    i.PendSV_Handler                         0x080026ac   Section        0  stm32l4xx_it.o(i.PendSV_Handler)
    i.RCCEx_PLLSAI1_Config                   0x080026b0   Section        0  stm32l4xx_hal_rcc_ex.o(i.RCCEx_PLLSAI1_Config)
    RCCEx_PLLSAI1_Config                     0x080026b1   Thumb Code   414  stm32l4xx_hal_rcc_ex.o(i.RCCEx_PLLSAI1_Config)
    i.RCCEx_PLLSAI2_Config                   0x08002854   Section        0  stm32l4xx_hal_rcc_ex.o(i.RCCEx_PLLSAI2_Config)
    RCCEx_PLLSAI2_Config                     0x08002855   Thumb Code   356  stm32l4xx_hal_rcc_ex.o(i.RCCEx_PLLSAI2_Config)
    i.SVC_Handler                            0x080029bc   Section        0  stm32l4xx_it.o(i.SVC_Handler)
    i.SysTick_Handler                        0x080029be   Section        0  stm32l4xx_it.o(i.SysTick_Handler)
    i.SystemClock_Config                     0x080029cc   Section        0  main.o(i.SystemClock_Config)
    i.SystemInit                             0x08002a74   Section        0  system_stm32l4xx.o(i.SystemInit)
    i.USBD_CDC_DataIn                        0x08002abc   Section        0  usbd_cdc.o(i.USBD_CDC_DataIn)
    USBD_CDC_DataIn                          0x08002abd   Thumb Code    22  usbd_cdc.o(i.USBD_CDC_DataIn)
    i.USBD_CDC_DataOut                       0x08002ad2   Section        0  usbd_cdc.o(i.USBD_CDC_DataOut)
    USBD_CDC_DataOut                         0x08002ad3   Thumb Code    48  usbd_cdc.o(i.USBD_CDC_DataOut)
    i.USBD_CDC_DeInit                        0x08002b02   Section        0  usbd_cdc.o(i.USBD_CDC_DeInit)
    USBD_CDC_DeInit                          0x08002b03   Thumb Code    60  usbd_cdc.o(i.USBD_CDC_DeInit)
    i.USBD_CDC_EP0_RxReady                   0x08002b3e   Section        0  usbd_cdc.o(i.USBD_CDC_EP0_RxReady)
    USBD_CDC_EP0_RxReady                     0x08002b3f   Thumb Code    38  usbd_cdc.o(i.USBD_CDC_EP0_RxReady)
    i.USBD_CDC_GetDeviceQualifierDescriptor  0x08002b64   Section        0  usbd_cdc.o(i.USBD_CDC_GetDeviceQualifierDescriptor)
    i.USBD_CDC_GetFSCfgDesc                  0x08002b70   Section        0  usbd_cdc.o(i.USBD_CDC_GetFSCfgDesc)
    USBD_CDC_GetFSCfgDesc                    0x08002b71   Thumb Code     8  usbd_cdc.o(i.USBD_CDC_GetFSCfgDesc)
    i.USBD_CDC_GetHSCfgDesc                  0x08002b7c   Section        0  usbd_cdc.o(i.USBD_CDC_GetHSCfgDesc)
    USBD_CDC_GetHSCfgDesc                    0x08002b7d   Thumb Code     8  usbd_cdc.o(i.USBD_CDC_GetHSCfgDesc)
    i.USBD_CDC_GetOtherSpeedCfgDesc          0x08002b88   Section        0  usbd_cdc.o(i.USBD_CDC_GetOtherSpeedCfgDesc)
    USBD_CDC_GetOtherSpeedCfgDesc            0x08002b89   Thumb Code     8  usbd_cdc.o(i.USBD_CDC_GetOtherSpeedCfgDesc)
    i.USBD_CDC_Init                          0x08002b94   Section        0  usbd_cdc.o(i.USBD_CDC_Init)
    USBD_CDC_Init                            0x08002b95   Thumb Code   154  usbd_cdc.o(i.USBD_CDC_Init)
    i.USBD_CDC_ReceivePacket                 0x08002c2e   Section        0  usbd_cdc.o(i.USBD_CDC_ReceivePacket)
    i.USBD_CDC_RegisterInterface             0x08002c5e   Section        0  usbd_cdc.o(i.USBD_CDC_RegisterInterface)
    i.USBD_CDC_SetRxBuffer                   0x08002c6e   Section        0  usbd_cdc.o(i.USBD_CDC_SetRxBuffer)
    i.USBD_CDC_SetTxBuffer                   0x08002c7a   Section        0  usbd_cdc.o(i.USBD_CDC_SetTxBuffer)
    i.USBD_CDC_Setup                         0x08002c8c   Section        0  usbd_cdc.o(i.USBD_CDC_Setup)
    USBD_CDC_Setup                           0x08002c8d   Thumb Code   114  usbd_cdc.o(i.USBD_CDC_Setup)
    i.USBD_CDC_TransmitPacket                0x08002d04   Section        0  usbd_cdc.o(i.USBD_CDC_TransmitPacket)
    i.USBD_ClrClassConfig                    0x08002d38   Section        0  usbd_core.o(i.USBD_ClrClassConfig)
    i.USBD_CtlContinueRx                     0x08002d46   Section        0  usbd_ioreq.o(i.USBD_CtlContinueRx)
    i.USBD_CtlContinueSendData               0x08002d56   Section        0  usbd_ioreq.o(i.USBD_CtlContinueSendData)
    i.USBD_CtlPrepareRx                      0x08002d66   Section        0  usbd_ioreq.o(i.USBD_CtlPrepareRx)
    i.USBD_CtlReceiveStatus                  0x08002d84   Section        0  usbd_ioreq.o(i.USBD_CtlReceiveStatus)
    i.USBD_CtlSendData                       0x08002d9a   Section        0  usbd_ioreq.o(i.USBD_CtlSendData)
    i.USBD_CtlSendStatus                     0x08002db4   Section        0  usbd_ioreq.o(i.USBD_CtlSendStatus)
    i.USBD_FS_ConfigStrDescriptor            0x08002dcc   Section        0  usbd_desc.o(i.USBD_FS_ConfigStrDescriptor)
    i.USBD_FS_DeviceDescriptor               0x08002dec   Section        0  usbd_desc.o(i.USBD_FS_DeviceDescriptor)
    i.USBD_FS_InterfaceStrDescriptor         0x08002df8   Section        0  usbd_desc.o(i.USBD_FS_InterfaceStrDescriptor)
    i.USBD_FS_LangIDStrDescriptor            0x08002e1c   Section        0  usbd_desc.o(i.USBD_FS_LangIDStrDescriptor)
    i.USBD_FS_ManufacturerStrDescriptor      0x08002e28   Section        0  usbd_desc.o(i.USBD_FS_ManufacturerStrDescriptor)
    i.USBD_FS_ProductStrDescriptor           0x08002e50   Section        0  usbd_desc.o(i.USBD_FS_ProductStrDescriptor)
    i.USBD_FS_SerialStrDescriptor            0x08002e7c   Section        0  usbd_desc.o(i.USBD_FS_SerialStrDescriptor)
    i.USBD_FS_USR_BOSDescriptor              0x08002ea0   Section        0  usbd_desc.o(i.USBD_FS_USR_BOSDescriptor)
    i.USBD_GetString                         0x08002eac   Section        0  usbd_ctlreq.o(i.USBD_GetString)
    i.USBD_Init                              0x08002f14   Section        0  usbd_core.o(i.USBD_Init)
    i.USBD_LL_BatteryCharging                0x08002f44   Section        0  usbd_conf.o(i.USBD_LL_BatteryCharging)
    i.USBD_LL_ClearStallEP                   0x08002f54   Section        0  usbd_conf.o(i.USBD_LL_ClearStallEP)
    i.USBD_LL_CloseEP                        0x08002f74   Section        0  usbd_conf.o(i.USBD_LL_CloseEP)
    i.USBD_LL_DataInStage                    0x08002f94   Section        0  usbd_core.o(i.USBD_LL_DataInStage)
    i.USBD_LL_DataOutStage                   0x08003044   Section        0  usbd_core.o(i.USBD_LL_DataOutStage)
    i.USBD_LL_DevConnected                   0x080030ae   Section        0  usbd_core.o(i.USBD_LL_DevConnected)
    i.USBD_LL_DevDisconnected                0x080030b2   Section        0  usbd_core.o(i.USBD_LL_DevDisconnected)
    i.USBD_LL_GetRxDataSize                  0x080030c8   Section        0  usbd_conf.o(i.USBD_LL_GetRxDataSize)
    i.USBD_LL_Init                           0x080030d0   Section        0  usbd_conf.o(i.USBD_LL_Init)
    i.USBD_LL_IsStallEP                      0x08003134   Section        0  usbd_conf.o(i.USBD_LL_IsStallEP)
    i.USBD_LL_IsoINIncomplete                0x08003154   Section        0  usbd_core.o(i.USBD_LL_IsoINIncomplete)
    i.USBD_LL_IsoOUTIncomplete               0x08003158   Section        0  usbd_core.o(i.USBD_LL_IsoOUTIncomplete)
    i.USBD_LL_OpenEP                         0x0800315c   Section        0  usbd_conf.o(i.USBD_LL_OpenEP)
    i.USBD_LL_PrepareReceive                 0x08003182   Section        0  usbd_conf.o(i.USBD_LL_PrepareReceive)
    i.USBD_LL_Reset                          0x080031a2   Section        0  usbd_core.o(i.USBD_LL_Reset)
    i.USBD_LL_Resume                         0x080031e0   Section        0  usbd_core.o(i.USBD_LL_Resume)
    i.USBD_LL_SOF                            0x080031ec   Section        0  usbd_core.o(i.USBD_LL_SOF)
    i.USBD_LL_SetSpeed                       0x08003206   Section        0  usbd_core.o(i.USBD_LL_SetSpeed)
    i.USBD_LL_SetUSBAddress                  0x0800320c   Section        0  usbd_conf.o(i.USBD_LL_SetUSBAddress)
    i.USBD_LL_SetupStage                     0x0800322c   Section        0  usbd_core.o(i.USBD_LL_SetupStage)
    i.USBD_LL_StallEP                        0x0800328a   Section        0  usbd_conf.o(i.USBD_LL_StallEP)
    i.USBD_LL_Start                          0x080032aa   Section        0  usbd_conf.o(i.USBD_LL_Start)
    i.USBD_LL_Suspend                        0x080032ca   Section        0  usbd_core.o(i.USBD_LL_Suspend)
    i.USBD_LL_Transmit                       0x080032dc   Section        0  usbd_conf.o(i.USBD_LL_Transmit)
    i.USBD_ParseSetupRequest                 0x080032fc   Section        0  usbd_ctlreq.o(i.USBD_ParseSetupRequest)
    i.USBD_RegisterClass                     0x08003324   Section        0  usbd_core.o(i.USBD_RegisterClass)
    i.USBD_SetClassConfig                    0x08003334   Section        0  usbd_core.o(i.USBD_SetClassConfig)
    i.USBD_Start                             0x0800334c   Section        0  usbd_core.o(i.USBD_Start)
    i.USBD_StdDevReq                         0x08003358   Section        0  usbd_ctlreq.o(i.USBD_StdDevReq)
    i.USBD_StdEPReq                          0x0800360c   Section        0  usbd_ctlreq.o(i.USBD_StdEPReq)
    i.USBD_StdItfReq                         0x08003716   Section        0  usbd_ctlreq.o(i.USBD_StdItfReq)
    i.USBD_static_free                       0x08003756   Section        0  usbd_conf.o(i.USBD_static_free)
    i.USBD_static_malloc                     0x08003758   Section        0  usbd_conf.o(i.USBD_static_malloc)
    i.USB_ActivateEndpoint                   0x08003760   Section        0  stm32l4xx_ll_usb.o(i.USB_ActivateEndpoint)
    i.USB_ActivateSetup                      0x080037f0   Section        0  stm32l4xx_ll_usb.o(i.USB_ActivateSetup)
    i.USB_CoreInit                           0x08003824   Section        0  stm32l4xx_ll_usb.o(i.USB_CoreInit)
    i.USB_CoreReset                          0x08003840   Section        0  stm32l4xx_ll_usb.o(i.USB_CoreReset)
    USB_CoreReset                            0x08003841   Thumb Code    70  stm32l4xx_ll_usb.o(i.USB_CoreReset)
    i.USB_DeactivateEndpoint                 0x0800388c   Section        0  stm32l4xx_ll_usb.o(i.USB_DeactivateEndpoint)
    i.USB_DevConnect                         0x08003908   Section        0  stm32l4xx_ll_usb.o(i.USB_DevConnect)
    i.USB_DevDisconnect                      0x08003920   Section        0  stm32l4xx_ll_usb.o(i.USB_DevDisconnect)
    i.USB_DevInit                            0x08003938   Section        0  stm32l4xx_ll_usb.o(i.USB_DevInit)
    i.USB_DisableGlobalInt                   0x08003a98   Section        0  stm32l4xx_ll_usb.o(i.USB_DisableGlobalInt)
    i.USB_EP0StartXfer                       0x08003aa4   Section        0  stm32l4xx_ll_usb.o(i.USB_EP0StartXfer)
    i.USB_EP0_OutStart                       0x08003bce   Section        0  stm32l4xx_ll_usb.o(i.USB_EP0_OutStart)
    i.USB_EPClearStall                       0x08003bfc   Section        0  stm32l4xx_ll_usb.o(i.USB_EPClearStall)
    i.USB_EPSetStall                         0x08003c62   Section        0  stm32l4xx_ll_usb.o(i.USB_EPSetStall)
    i.USB_EPStartXfer                        0x08003cc8   Section        0  stm32l4xx_ll_usb.o(i.USB_EPStartXfer)
    i.USB_EnableGlobalInt                    0x08003f26   Section        0  stm32l4xx_ll_usb.o(i.USB_EnableGlobalInt)
    i.USB_FlushTxFifo                        0x08003f34   Section        0  stm32l4xx_ll_usb.o(i.USB_FlushTxFifo)
    i.USB_GetMode                            0x08003f5c   Section        0  stm32l4xx_ll_usb.o(i.USB_GetMode)
    i.USB_ReadDevAllInEpInterrupt            0x08003f64   Section        0  stm32l4xx_ll_usb.o(i.USB_ReadDevAllInEpInterrupt)
    i.USB_ReadDevAllOutEpInterrupt           0x08003f72   Section        0  stm32l4xx_ll_usb.o(i.USB_ReadDevAllOutEpInterrupt)
    i.USB_ReadDevInEPInterrupt               0x08003f80   Section        0  stm32l4xx_ll_usb.o(i.USB_ReadDevInEPInterrupt)
    i.USB_ReadDevOutEPInterrupt              0x08003f9e   Section        0  stm32l4xx_ll_usb.o(i.USB_ReadDevOutEPInterrupt)
    i.USB_ReadInterrupts                     0x08003fae   Section        0  stm32l4xx_ll_usb.o(i.USB_ReadInterrupts)
    i.USB_ReadPacket                         0x08003fb8   Section        0  stm32l4xx_ll_usb.o(i.USB_ReadPacket)
    i.USB_SetCurrentMode                     0x08003ff2   Section        0  stm32l4xx_ll_usb.o(i.USB_SetCurrentMode)
    i.USB_SetDevAddress                      0x08004020   Section        0  stm32l4xx_ll_usb.o(i.USB_SetDevAddress)
    i.USB_WritePacket                        0x08004042   Section        0  stm32l4xx_ll_usb.o(i.USB_WritePacket)
    i.UsageFault_Handler                     0x08004078   Section        0  stm32l4xx_it.o(i.UsageFault_Handler)
    i.__scatterload_copy                     0x0800407a   Section       14  handlers.o(i.__scatterload_copy)
    i.__scatterload_null                     0x08004088   Section        2  handlers.o(i.__scatterload_null)
    i.__scatterload_zeroinit                 0x0800408a   Section       14  handlers.o(i.__scatterload_zeroinit)
    i.main                                   0x08004098   Section        0  main.o(i.main)
    .constdata                               0x080040c0   Section       64  system_stm32l4xx.o(.constdata)
    .data                                    0x20000000   Section        1  usbd_ctlreq.o(.data)
    cfgidx                                   0x20000000   Data           1  usbd_ctlreq.o(.data)
    .data                                    0x20000004   Section      219  usbd_cdc.o(.data)
    ifalt                                    0x20000004   Data           1  usbd_cdc.o(.data)
    USBD_CDC_DeviceQualifierDesc             0x20000008   Data          10  usbd_cdc.o(.data)
    .data                                    0x200000e0   Section       56  usbd_cdc.o(.data)
    .data                                    0x20000118   Section        4  system_stm32l4xx.o(.data)
    .data                                    0x2000011c   Section        4  stm32l4xx_hal.o(.data)
    .data                                    0x20000120   Section       16  usbd_cdc_if.o(.data)
    .data                                    0x20000130   Section       16  usbd_cdc_if.o(.data)
    .data                                    0x20000140   Section       32  usbd_desc.o(.data)
    .data                                    0x20000160   Section       36  usbd_desc.o(.data)
    .bss                                     0x20000184   Section     1516  usbd_conf.o(.bss)
    mem                                      0x20000184   Data         544  usbd_conf.o(.bss)
    .bss                                     0x20000770   Section     2048  usbd_cdc_if.o(.bss)
    .bss                                     0x20000f70   Section      512  usbd_desc.o(.bss)
    .bss                                     0x20001170   Section      172  spi.o(.bss)
    .bss                                     0x2000121c   Section      548  usb_device.o(.bss)
    STACK                                    0x20001440   Section     4096  startup_stm32l476xx.o(STACK)

    Global Symbols

    Symbol Name                              Value     Ov Type        Size  Object(Section)

    BuildAttributes$$THM_ISAv4$E$P$D$K$B$S$7EM$VFPi3$EXTD16$VFPS$VFMA$PE$A:L22UL41UL21$X:L11$S22US41US21$IEEE1$IW$USESV6$~STKCKD$USESV7$~SHL$OTIME$EBA8$MICROLIB$REQ8$PRES8$EABIv2 0x00000000   Number         0  anon$$obj.o ABSOLUTE
    __ARM_use_no_argv                        0x00000000   Number         0  main.o ABSOLUTE
    __cpp_initialize__aeabi_                  - Undefined Weak Reference
    __cxa_finalize                            - Undefined Weak Reference
    _clock_init                               - Undefined Weak Reference
    _microlib_exit                            - Undefined Weak Reference
    __Vectors_Size                           0x00000188   Number         0  startup_stm32l476xx.o ABSOLUTE
    __Vectors                                0x08000000   Data           4  startup_stm32l476xx.o(RESET)
    __Vectors_End                            0x08000188   Data           0  startup_stm32l476xx.o(RESET)
    __main                                   0x08000189   Thumb Code     0  entry.o(.ARM.Collect$$$$00000000)
    _main_stk                                0x08000189   Thumb Code     0  entry2.o(.ARM.Collect$$$$00000001)
    _main_scatterload                        0x0800018d   Thumb Code     0  entry5.o(.ARM.Collect$$$$00000004)
    __main_after_scatterload                 0x08000191   Thumb Code     0  entry5.o(.ARM.Collect$$$$00000004)
    _main_clock                              0x08000191   Thumb Code     0  entry7b.o(.ARM.Collect$$$$00000008)
    _main_cpp_init                           0x08000191   Thumb Code     0  entry8b.o(.ARM.Collect$$$$0000000A)
    _main_init                               0x08000191   Thumb Code     0  entry9a.o(.ARM.Collect$$$$0000000B)
    __rt_final_cpp                           0x08000199   Thumb Code     0  entry10a.o(.ARM.Collect$$$$0000000D)
    __rt_final_exit                          0x08000199   Thumb Code     0  entry11a.o(.ARM.Collect$$$$0000000F)
    Reset_Handler                            0x0800019d   Thumb Code     8  startup_stm32l476xx.o(.text)
    ADC1_2_IRQHandler                        0x080001b7   Thumb Code     0  startup_stm32l476xx.o(.text)
    ADC3_IRQHandler                          0x080001b7   Thumb Code     0  startup_stm32l476xx.o(.text)
    CAN1_RX0_IRQHandler                      0x080001b7   Thumb Code     0  startup_stm32l476xx.o(.text)
    CAN1_RX1_IRQHandler                      0x080001b7   Thumb Code     0  startup_stm32l476xx.o(.text)
    CAN1_SCE_IRQHandler                      0x080001b7   Thumb Code     0  startup_stm32l476xx.o(.text)
    CAN1_TX_IRQHandler                       0x080001b7   Thumb Code     0  startup_stm32l476xx.o(.text)
    COMP_IRQHandler                          0x080001b7   Thumb Code     0  startup_stm32l476xx.o(.text)
    DFSDM1_FLT0_IRQHandler                   0x080001b7   Thumb Code     0  startup_stm32l476xx.o(.text)
    DFSDM1_FLT1_IRQHandler                   0x080001b7   Thumb Code     0  startup_stm32l476xx.o(.text)
    DFSDM1_FLT2_IRQHandler                   0x080001b7   Thumb Code     0  startup_stm32l476xx.o(.text)
    DFSDM1_FLT3_IRQHandler                   0x080001b7   Thumb Code     0  startup_stm32l476xx.o(.text)
    DMA1_Channel1_IRQHandler                 0x080001b7   Thumb Code     0  startup_stm32l476xx.o(.text)
    DMA1_Channel2_IRQHandler                 0x080001b7   Thumb Code     0  startup_stm32l476xx.o(.text)
    DMA1_Channel3_IRQHandler                 0x080001b7   Thumb Code     0  startup_stm32l476xx.o(.text)
    DMA1_Channel4_IRQHandler                 0x080001b7   Thumb Code     0  startup_stm32l476xx.o(.text)
    DMA1_Channel5_IRQHandler                 0x080001b7   Thumb Code     0  startup_stm32l476xx.o(.text)
    DMA1_Channel6_IRQHandler                 0x080001b7   Thumb Code     0  startup_stm32l476xx.o(.text)
    DMA1_Channel7_IRQHandler                 0x080001b7   Thumb Code     0  startup_stm32l476xx.o(.text)
    DMA2_Channel1_IRQHandler                 0x080001b7   Thumb Code     0  startup_stm32l476xx.o(.text)
    DMA2_Channel3_IRQHandler                 0x080001b7   Thumb Code     0  startup_stm32l476xx.o(.text)
    DMA2_Channel4_IRQHandler                 0x080001b7   Thumb Code     0  startup_stm32l476xx.o(.text)
    DMA2_Channel5_IRQHandler                 0x080001b7   Thumb Code     0  startup_stm32l476xx.o(.text)
    DMA2_Channel6_IRQHandler                 0x080001b7   Thumb Code     0  startup_stm32l476xx.o(.text)
    DMA2_Channel7_IRQHandler                 0x080001b7   Thumb Code     0  startup_stm32l476xx.o(.text)
    EXTI0_IRQHandler                         0x080001b7   Thumb Code     0  startup_stm32l476xx.o(.text)
    EXTI15_10_IRQHandler                     0x080001b7   Thumb Code     0  startup_stm32l476xx.o(.text)
    EXTI1_IRQHandler                         0x080001b7   Thumb Code     0  startup_stm32l476xx.o(.text)
    EXTI2_IRQHandler                         0x080001b7   Thumb Code     0  startup_stm32l476xx.o(.text)
    EXTI3_IRQHandler                         0x080001b7   Thumb Code     0  startup_stm32l476xx.o(.text)
    EXTI4_IRQHandler                         0x080001b7   Thumb Code     0  startup_stm32l476xx.o(.text)
    EXTI9_5_IRQHandler                       0x080001b7   Thumb Code     0  startup_stm32l476xx.o(.text)
    FLASH_IRQHandler                         0x080001b7   Thumb Code     0  startup_stm32l476xx.o(.text)
    FMC_IRQHandler                           0x080001b7   Thumb Code     0  startup_stm32l476xx.o(.text)
    FPU_IRQHandler                           0x080001b7   Thumb Code     0  startup_stm32l476xx.o(.text)
    I2C1_ER_IRQHandler                       0x080001b7   Thumb Code     0  startup_stm32l476xx.o(.text)
    I2C1_EV_IRQHandler                       0x080001b7   Thumb Code     0  startup_stm32l476xx.o(.text)
    I2C2_ER_IRQHandler                       0x080001b7   Thumb Code     0  startup_stm32l476xx.o(.text)
    I2C2_EV_IRQHandler                       0x080001b7   Thumb Code     0  startup_stm32l476xx.o(.text)
    I2C3_ER_IRQHandler                       0x080001b7   Thumb Code     0  startup_stm32l476xx.o(.text)
    I2C3_EV_IRQHandler                       0x080001b7   Thumb Code     0  startup_stm32l476xx.o(.text)
    LCD_IRQHandler                           0x080001b7   Thumb Code     0  startup_stm32l476xx.o(.text)
    LPTIM1_IRQHandler                        0x080001b7   Thumb Code     0  startup_stm32l476xx.o(.text)
    LPTIM2_IRQHandler                        0x080001b7   Thumb Code     0  startup_stm32l476xx.o(.text)
    LPUART1_IRQHandler                       0x080001b7   Thumb Code     0  startup_stm32l476xx.o(.text)
    PVD_PVM_IRQHandler                       0x080001b7   Thumb Code     0  startup_stm32l476xx.o(.text)
    QUADSPI_IRQHandler                       0x080001b7   Thumb Code     0  startup_stm32l476xx.o(.text)
    RCC_IRQHandler                           0x080001b7   Thumb Code     0  startup_stm32l476xx.o(.text)
    RNG_IRQHandler                           0x080001b7   Thumb Code     0  startup_stm32l476xx.o(.text)
    RTC_Alarm_IRQHandler                     0x080001b7   Thumb Code     0  startup_stm32l476xx.o(.text)
    RTC_WKUP_IRQHandler                      0x080001b7   Thumb Code     0  startup_stm32l476xx.o(.text)
    SAI1_IRQHandler                          0x080001b7   Thumb Code     0  startup_stm32l476xx.o(.text)
    SAI2_IRQHandler                          0x080001b7   Thumb Code     0  startup_stm32l476xx.o(.text)
    SDMMC1_IRQHandler                        0x080001b7   Thumb Code     0  startup_stm32l476xx.o(.text)
    SPI1_IRQHandler                          0x080001b7   Thumb Code     0  startup_stm32l476xx.o(.text)
    SPI2_IRQHandler                          0x080001b7   Thumb Code     0  startup_stm32l476xx.o(.text)
    SPI3_IRQHandler                          0x080001b7   Thumb Code     0  startup_stm32l476xx.o(.text)
    SWPMI1_IRQHandler                        0x080001b7   Thumb Code     0  startup_stm32l476xx.o(.text)
    TAMP_STAMP_IRQHandler                    0x080001b7   Thumb Code     0  startup_stm32l476xx.o(.text)
    TIM1_BRK_TIM15_IRQHandler                0x080001b7   Thumb Code     0  startup_stm32l476xx.o(.text)
    TIM1_CC_IRQHandler                       0x080001b7   Thumb Code     0  startup_stm32l476xx.o(.text)
    TIM1_TRG_COM_TIM17_IRQHandler            0x080001b7   Thumb Code     0  startup_stm32l476xx.o(.text)
    TIM1_UP_TIM16_IRQHandler                 0x080001b7   Thumb Code     0  startup_stm32l476xx.o(.text)
    TIM2_IRQHandler                          0x080001b7   Thumb Code     0  startup_stm32l476xx.o(.text)
    TIM3_IRQHandler                          0x080001b7   Thumb Code     0  startup_stm32l476xx.o(.text)
    TIM4_IRQHandler                          0x080001b7   Thumb Code     0  startup_stm32l476xx.o(.text)
    TIM5_IRQHandler                          0x080001b7   Thumb Code     0  startup_stm32l476xx.o(.text)
    TIM6_DAC_IRQHandler                      0x080001b7   Thumb Code     0  startup_stm32l476xx.o(.text)
    TIM7_IRQHandler                          0x080001b7   Thumb Code     0  startup_stm32l476xx.o(.text)
    TIM8_BRK_IRQHandler                      0x080001b7   Thumb Code     0  startup_stm32l476xx.o(.text)
    TIM8_CC_IRQHandler                       0x080001b7   Thumb Code     0  startup_stm32l476xx.o(.text)
    TIM8_TRG_COM_IRQHandler                  0x080001b7   Thumb Code     0  startup_stm32l476xx.o(.text)
    TIM8_UP_IRQHandler                       0x080001b7   Thumb Code     0  startup_stm32l476xx.o(.text)
    TSC_IRQHandler                           0x080001b7   Thumb Code     0  startup_stm32l476xx.o(.text)
    UART4_IRQHandler                         0x080001b7   Thumb Code     0  startup_stm32l476xx.o(.text)
    UART5_IRQHandler                         0x080001b7   Thumb Code     0  startup_stm32l476xx.o(.text)
    USART1_IRQHandler                        0x080001b7   Thumb Code     0  startup_stm32l476xx.o(.text)
    USART2_IRQHandler                        0x080001b7   Thumb Code     0  startup_stm32l476xx.o(.text)
    USART3_IRQHandler                        0x080001b7   Thumb Code     0  startup_stm32l476xx.o(.text)
    WWDG_IRQHandler                          0x080001b7   Thumb Code     0  startup_stm32l476xx.o(.text)
    __aeabi_memcpy                           0x080001c1   Thumb Code    36  memcpya.o(.text)
    __aeabi_memcpy4                          0x080001c1   Thumb Code     0  memcpya.o(.text)
    __aeabi_memcpy8                          0x080001c1   Thumb Code     0  memcpya.o(.text)
    __scatterload                            0x080001e5   Thumb Code    28  init.o(.text)
    __scatterload_rt2                        0x080001e5   Thumb Code     0  init.o(.text)
    __decompress                             0x08000209   Thumb Code     0  __dczerorl2.o(.text)
    __decompress1                            0x08000209   Thumb Code    86  __dczerorl2.o(.text)
    BusFault_Handler                         0x0800025f   Thumb Code     2  stm32l4xx_it.o(i.BusFault_Handler)
    DMA2_Channel2_IRQHandler                 0x08000315   Thumb Code     6  stm32l4xx_it.o(i.DMA2_Channel2_IRQHandler)
    DebugMon_Handler                         0x08000321   Thumb Code     2  stm32l4xx_it.o(i.DebugMon_Handler)
    Error_Handler                            0x08000323   Thumb Code     2  main.o(i.Error_Handler)
    HAL_DMA_IRQHandler                       0x08000325   Thumb Code   204  stm32l4xx_hal_dma.o(i.HAL_DMA_IRQHandler)
    HAL_DMA_Init                             0x080003f1   Thumb Code   228  stm32l4xx_hal_dma.o(i.HAL_DMA_Init)
    HAL_Delay                                0x080004f1   Thumb Code    30  stm32l4xx_hal.o(i.HAL_Delay)
    HAL_GPIO_Init                            0x08000511   Thumb Code   572  stm32l4xx_hal_gpio.o(i.HAL_GPIO_Init)
    HAL_GetTick                              0x08000769   Thumb Code     6  stm32l4xx_hal.o(i.HAL_GetTick)
    HAL_IncTick                              0x08000775   Thumb Code    10  stm32l4xx_hal.o(i.HAL_IncTick)
    HAL_Init                                 0x08000785   Thumb Code    22  stm32l4xx_hal.o(i.HAL_Init)
    HAL_InitTick                             0x0800079d   Thumb Code    34  stm32l4xx_hal.o(i.HAL_InitTick)
    HAL_MspInit                              0x080007c5   Thumb Code   122  stm32l4xx_hal_msp.o(i.HAL_MspInit)
    HAL_NVIC_EnableIRQ                       0x08000845   Thumb Code    24  stm32l4xx_hal_cortex.o(i.HAL_NVIC_EnableIRQ)
    HAL_NVIC_SetPriority                     0x0800085d   Thumb Code    96  stm32l4xx_hal_cortex.o(i.HAL_NVIC_SetPriority)
    HAL_NVIC_SetPriorityGrouping             0x080008c1   Thumb Code    30  stm32l4xx_hal_cortex.o(i.HAL_NVIC_SetPriorityGrouping)
    HAL_PCDEx_ActivateBCD                    0x080008e5   Thumb Code    20  stm32l4xx_hal_pcd_ex.o(i.HAL_PCDEx_ActivateBCD)
    HAL_PCDEx_ActivateLPM                    0x080008f9   Thumb Code    38  stm32l4xx_hal_pcd_ex.o(i.HAL_PCDEx_ActivateLPM)
    HAL_PCDEx_LPM_Callback                   0x08000921   Thumb Code    96  usbd_conf.o(i.HAL_PCDEx_LPM_Callback)
    HAL_PCDEx_SetRxFiFo                      0x08000985   Thumb Code     8  stm32l4xx_hal_pcd_ex.o(i.HAL_PCDEx_SetRxFiFo)
    HAL_PCDEx_SetTxFiFo                      0x0800098d   Thumb Code    78  stm32l4xx_hal_pcd_ex.o(i.HAL_PCDEx_SetTxFiFo)
    HAL_PCD_ConnectCallback                  0x080009db   Thumb Code     8  usbd_conf.o(i.HAL_PCD_ConnectCallback)
    HAL_PCD_DataInStageCallback              0x080009e3   Thumb Code    18  usbd_conf.o(i.HAL_PCD_DataInStageCallback)
    HAL_PCD_DataOutStageCallback             0x080009f5   Thumb Code    20  usbd_conf.o(i.HAL_PCD_DataOutStageCallback)
    HAL_PCD_DisconnectCallback               0x08000a09   Thumb Code     8  usbd_conf.o(i.HAL_PCD_DisconnectCallback)
    HAL_PCD_EP_Close                         0x08000a11   Thumb Code    70  stm32l4xx_hal_pcd.o(i.HAL_PCD_EP_Close)
    HAL_PCD_EP_ClrStall                      0x08000a57   Thumb Code    78  stm32l4xx_hal_pcd.o(i.HAL_PCD_EP_ClrStall)
    HAL_PCD_EP_GetRxCount                    0x08000aa5   Thumb Code    20  stm32l4xx_hal_pcd.o(i.HAL_PCD_EP_GetRxCount)
    HAL_PCD_EP_Open                          0x08000ab9   Thumb Code    76  stm32l4xx_hal_pcd.o(i.HAL_PCD_EP_Open)
    HAL_PCD_EP_Receive                       0x08000b05   Thumb Code    86  stm32l4xx_hal_pcd.o(i.HAL_PCD_EP_Receive)
    HAL_PCD_EP_SetStall                      0x08000b5b   Thumb Code    94  stm32l4xx_hal_pcd.o(i.HAL_PCD_EP_SetStall)
    HAL_PCD_EP_Transmit                      0x08000bb9   Thumb Code    82  stm32l4xx_hal_pcd.o(i.HAL_PCD_EP_Transmit)
    HAL_PCD_IRQHandler                       0x08000c0d   Thumb Code  1688  stm32l4xx_hal_pcd.o(i.HAL_PCD_IRQHandler)
    HAL_PCD_ISOINIncompleteCallback          0x080012e7   Thumb Code     8  usbd_conf.o(i.HAL_PCD_ISOINIncompleteCallback)
    HAL_PCD_ISOOUTIncompleteCallback         0x080012ef   Thumb Code     8  usbd_conf.o(i.HAL_PCD_ISOOUTIncompleteCallback)
    HAL_PCD_Init                             0x080012f7   Thumb Code   248  stm32l4xx_hal_pcd.o(i.HAL_PCD_Init)
    HAL_PCD_MspInit                          0x080013f1   Thumb Code   152  usbd_conf.o(i.HAL_PCD_MspInit)
    HAL_PCD_ResetCallback                    0x0800148d   Thumb Code    26  usbd_conf.o(i.HAL_PCD_ResetCallback)
    HAL_PCD_ResumeCallback                   0x080014a9   Thumb Code    48  usbd_conf.o(i.HAL_PCD_ResumeCallback)
    HAL_PCD_SOFCallback                      0x080014dd   Thumb Code     8  usbd_conf.o(i.HAL_PCD_SOFCallback)
    HAL_PCD_SetAddress                       0x080014e5   Thumb Code    40  stm32l4xx_hal_pcd.o(i.HAL_PCD_SetAddress)
    HAL_PCD_SetupStageCallback               0x0800150d   Thumb Code    14  usbd_conf.o(i.HAL_PCD_SetupStageCallback)
    HAL_PCD_Start                            0x0800151b   Thumb Code    42  stm32l4xx_hal_pcd.o(i.HAL_PCD_Start)
    HAL_PCD_SuspendCallback                  0x08001545   Thumb Code    46  usbd_conf.o(i.HAL_PCD_SuspendCallback)
    HAL_PWREx_ControlVoltageScaling          0x08001579   Thumb Code    96  stm32l4xx_hal_pwr_ex.o(i.HAL_PWREx_ControlVoltageScaling)
    HAL_PWREx_EnableVddIO2                   0x080015e5   Thumb Code    12  stm32l4xx_hal_pwr_ex.o(i.HAL_PWREx_EnableVddIO2)
    HAL_PWREx_EnableVddUSB                   0x080015f5   Thumb Code    12  stm32l4xx_hal_pwr_ex.o(i.HAL_PWREx_EnableVddUSB)
    HAL_PWREx_GetVoltageRange                0x08001605   Thumb Code    10  stm32l4xx_hal_pwr_ex.o(i.HAL_PWREx_GetVoltageRange)
    HAL_RCCEx_PeriphCLKConfig                0x08001615   Thumb Code  1032  stm32l4xx_hal_rcc_ex.o(i.HAL_RCCEx_PeriphCLKConfig)
    HAL_RCC_ClockConfig                      0x08001a25   Thumb Code   406  stm32l4xx_hal_rcc.o(i.HAL_RCC_ClockConfig)
    HAL_RCC_GetHCLKFreq                      0x08001bcd   Thumb Code     6  stm32l4xx_hal_rcc.o(i.HAL_RCC_GetHCLKFreq)
    HAL_RCC_GetSysClockFreq                  0x08001bd9   Thumb Code   288  stm32l4xx_hal_rcc.o(i.HAL_RCC_GetSysClockFreq)
    HAL_RCC_OscConfig                        0x08001d05   Thumb Code  1558  stm32l4xx_hal_rcc.o(i.HAL_RCC_OscConfig)
    HAL_SPI_Init                             0x08002325   Thumb Code   180  stm32l4xx_hal_spi.o(i.HAL_SPI_Init)
    HAL_SPI_MspInit                          0x080023d9   Thumb Code   118  spi.o(i.HAL_SPI_MspInit)
    HAL_SYSTICK_CLKSourceConfig              0x08002461   Thumb Code    22  stm32l4xx_hal_cortex.o(i.HAL_SYSTICK_CLKSourceConfig)
    HAL_SYSTICK_Callback                     0x08002477   Thumb Code     2  stm32l4xx_hal_cortex.o(i.HAL_SYSTICK_Callback)
    HAL_SYSTICK_Config                       0x08002479   Thumb Code    38  stm32l4xx_hal_cortex.o(i.HAL_SYSTICK_Config)
    HAL_SYSTICK_IRQHandler                   0x080024a5   Thumb Code     8  stm32l4xx_hal_cortex.o(i.HAL_SYSTICK_IRQHandler)
    HardFault_Handler                        0x080024ad   Thumb Code     2  stm32l4xx_it.o(i.HardFault_Handler)
    MX_DMA_Init                              0x080024b1   Thumb Code    40  dma.o(i.MX_DMA_Init)
    MX_GPIO_Init                             0x080024dd   Thumb Code   202  gpio.o(i.MX_GPIO_Init)
    MX_SPI3_Init                             0x080025bd   Thumb Code    72  spi.o(i.MX_SPI3_Init)
    MX_USB_DEVICE_Init                       0x0800260d   Thumb Code    50  usb_device.o(i.MX_USB_DEVICE_Init)
    Main_loop                                0x08002651   Thumb Code    64  usbd_cdc_if.o(i.Main_loop)
    MemManage_Handler                        0x0800269d   Thumb Code     2  stm32l4xx_it.o(i.MemManage_Handler)
    NMI_Handler                              0x0800269f   Thumb Code     2  stm32l4xx_it.o(i.NMI_Handler)
    OTG_FS_IRQHandler                        0x080026a1   Thumb Code     6  stm32l4xx_it.o(i.OTG_FS_IRQHandler)
    PendSV_Handler                           0x080026ad   Thumb Code     2  stm32l4xx_it.o(i.PendSV_Handler)
    SVC_Handler                              0x080029bd   Thumb Code     2  stm32l4xx_it.o(i.SVC_Handler)
    SysTick_Handler                          0x080029bf   Thumb Code    14  stm32l4xx_it.o(i.SysTick_Handler)
    SystemClock_Config                       0x080029cd   Thumb Code   166  main.o(i.SystemClock_Config)
    SystemInit                               0x08002a75   Thumb Code    58  system_stm32l4xx.o(i.SystemInit)
    USBD_CDC_GetDeviceQualifierDescriptor    0x08002b65   Thumb Code     8  usbd_cdc.o(i.USBD_CDC_GetDeviceQualifierDescriptor)
    USBD_CDC_ReceivePacket                   0x08002c2f   Thumb Code    48  usbd_cdc.o(i.USBD_CDC_ReceivePacket)
    USBD_CDC_RegisterInterface               0x08002c5f   Thumb Code    16  usbd_cdc.o(i.USBD_CDC_RegisterInterface)
    USBD_CDC_SetRxBuffer                     0x08002c6f   Thumb Code    12  usbd_cdc.o(i.USBD_CDC_SetRxBuffer)
    USBD_CDC_SetTxBuffer                     0x08002c7b   Thumb Code    16  usbd_cdc.o(i.USBD_CDC_SetTxBuffer)
    USBD_CDC_TransmitPacket                  0x08002d05   Thumb Code    52  usbd_cdc.o(i.USBD_CDC_TransmitPacket)
    USBD_ClrClassConfig                      0x08002d39   Thumb Code    14  usbd_core.o(i.USBD_ClrClassConfig)
    USBD_CtlContinueRx                       0x08002d47   Thumb Code    16  usbd_ioreq.o(i.USBD_CtlContinueRx)
    USBD_CtlContinueSendData                 0x08002d57   Thumb Code    16  usbd_ioreq.o(i.USBD_CtlContinueSendData)
    USBD_CtlPrepareRx                        0x08002d67   Thumb Code    30  usbd_ioreq.o(i.USBD_CtlPrepareRx)
    USBD_CtlReceiveStatus                    0x08002d85   Thumb Code    22  usbd_ioreq.o(i.USBD_CtlReceiveStatus)
    USBD_CtlSendData                         0x08002d9b   Thumb Code    26  usbd_ioreq.o(i.USBD_CtlSendData)
    USBD_CtlSendStatus                       0x08002db5   Thumb Code    22  usbd_ioreq.o(i.USBD_CtlSendStatus)
    USBD_FS_ConfigStrDescriptor              0x08002dcd   Thumb Code    16  usbd_desc.o(i.USBD_FS_ConfigStrDescriptor)
    USBD_FS_DeviceDescriptor                 0x08002ded   Thumb Code     8  usbd_desc.o(i.USBD_FS_DeviceDescriptor)
    USBD_FS_InterfaceStrDescriptor           0x08002df9   Thumb Code    16  usbd_desc.o(i.USBD_FS_InterfaceStrDescriptor)
    USBD_FS_LangIDStrDescriptor              0x08002e1d   Thumb Code     8  usbd_desc.o(i.USBD_FS_LangIDStrDescriptor)
    USBD_FS_ManufacturerStrDescriptor        0x08002e29   Thumb Code    16  usbd_desc.o(i.USBD_FS_ManufacturerStrDescriptor)
    USBD_FS_ProductStrDescriptor             0x08002e51   Thumb Code    16  usbd_desc.o(i.USBD_FS_ProductStrDescriptor)
    USBD_FS_SerialStrDescriptor              0x08002e7d   Thumb Code    16  usbd_desc.o(i.USBD_FS_SerialStrDescriptor)
    USBD_FS_USR_BOSDescriptor                0x08002ea1   Thumb Code     8  usbd_desc.o(i.USBD_FS_USR_BOSDescriptor)
    USBD_GetString                           0x08002ead   Thumb Code   104  usbd_ctlreq.o(i.USBD_GetString)
    USBD_Init                                0x08002f15   Thumb Code    48  usbd_core.o(i.USBD_Init)
    USBD_LL_BatteryCharging                  0x08002f45   Thumb Code    16  usbd_conf.o(i.USBD_LL_BatteryCharging)
    USBD_LL_ClearStallEP                     0x08002f55   Thumb Code    32  usbd_conf.o(i.USBD_LL_ClearStallEP)
    USBD_LL_CloseEP                          0x08002f75   Thumb Code    32  usbd_conf.o(i.USBD_LL_CloseEP)
    USBD_LL_DataInStage                      0x08002f95   Thumb Code   176  usbd_core.o(i.USBD_LL_DataInStage)
    USBD_LL_DataOutStage                     0x08003045   Thumb Code   106  usbd_core.o(i.USBD_LL_DataOutStage)
    USBD_LL_DevConnected                     0x080030af   Thumb Code     4  usbd_core.o(i.USBD_LL_DevConnected)
    USBD_LL_DevDisconnected                  0x080030b3   Thumb Code    22  usbd_core.o(i.USBD_LL_DevDisconnected)
    USBD_LL_GetRxDataSize                    0x080030c9   Thumb Code     8  usbd_conf.o(i.USBD_LL_GetRxDataSize)
    USBD_LL_Init                             0x080030d1   Thumb Code    94  usbd_conf.o(i.USBD_LL_Init)
    USBD_LL_IsStallEP                        0x08003135   Thumb Code    32  usbd_conf.o(i.USBD_LL_IsStallEP)
    USBD_LL_IsoINIncomplete                  0x08003155   Thumb Code     4  usbd_core.o(i.USBD_LL_IsoINIncomplete)
    USBD_LL_IsoOUTIncomplete                 0x08003159   Thumb Code     4  usbd_core.o(i.USBD_LL_IsoOUTIncomplete)
    USBD_LL_OpenEP                           0x0800315d   Thumb Code    38  usbd_conf.o(i.USBD_LL_OpenEP)
    USBD_LL_PrepareReceive                   0x08003183   Thumb Code    32  usbd_conf.o(i.USBD_LL_PrepareReceive)
    USBD_LL_Reset                            0x080031a3   Thumb Code    62  usbd_core.o(i.USBD_LL_Reset)
    USBD_LL_Resume                           0x080031e1   Thumb Code    12  usbd_core.o(i.USBD_LL_Resume)
    USBD_LL_SOF                              0x080031ed   Thumb Code    26  usbd_core.o(i.USBD_LL_SOF)
    USBD_LL_SetSpeed                         0x08003207   Thumb Code     6  usbd_core.o(i.USBD_LL_SetSpeed)
    USBD_LL_SetUSBAddress                    0x0800320d   Thumb Code    32  usbd_conf.o(i.USBD_LL_SetUSBAddress)
    USBD_LL_SetupStage                       0x0800322d   Thumb Code    94  usbd_core.o(i.USBD_LL_SetupStage)
    USBD_LL_StallEP                          0x0800328b   Thumb Code    32  usbd_conf.o(i.USBD_LL_StallEP)
    USBD_LL_Start                            0x080032ab   Thumb Code    32  usbd_conf.o(i.USBD_LL_Start)
    USBD_LL_Suspend                          0x080032cb   Thumb Code    18  usbd_core.o(i.USBD_LL_Suspend)
    USBD_LL_Transmit                         0x080032dd   Thumb Code    32  usbd_conf.o(i.USBD_LL_Transmit)
    USBD_ParseSetupRequest                   0x080032fd   Thumb Code    40  usbd_ctlreq.o(i.USBD_ParseSetupRequest)
    USBD_RegisterClass                       0x08003325   Thumb Code    16  usbd_core.o(i.USBD_RegisterClass)
    USBD_SetClassConfig                      0x08003335   Thumb Code    24  usbd_core.o(i.USBD_SetClassConfig)
    USBD_Start                               0x0800334d   Thumb Code    10  usbd_core.o(i.USBD_Start)
    USBD_StdDevReq                           0x08003359   Thumb Code   686  usbd_ctlreq.o(i.USBD_StdDevReq)
    USBD_StdEPReq                            0x0800360d   Thumb Code   266  usbd_ctlreq.o(i.USBD_StdEPReq)
    USBD_StdItfReq                           0x08003717   Thumb Code    64  usbd_ctlreq.o(i.USBD_StdItfReq)
    USBD_static_free                         0x08003757   Thumb Code     2  usbd_conf.o(i.USBD_static_free)
    USBD_static_malloc                       0x08003759   Thumb Code     4  usbd_conf.o(i.USBD_static_malloc)
    USB_ActivateEndpoint                     0x08003761   Thumb Code   140  stm32l4xx_ll_usb.o(i.USB_ActivateEndpoint)
    USB_ActivateSetup                        0x080037f1   Thumb Code    52  stm32l4xx_ll_usb.o(i.USB_ActivateSetup)
    USB_CoreInit                             0x08003825   Thumb Code    28  stm32l4xx_ll_usb.o(i.USB_CoreInit)
    USB_DeactivateEndpoint                   0x0800388d   Thumb Code   124  stm32l4xx_ll_usb.o(i.USB_DeactivateEndpoint)
    USB_DevConnect                           0x08003909   Thumb Code    24  stm32l4xx_ll_usb.o(i.USB_DevConnect)
    USB_DevDisconnect                        0x08003921   Thumb Code    24  stm32l4xx_ll_usb.o(i.USB_DevDisconnect)
    USB_DevInit                              0x08003939   Thumb Code   340  stm32l4xx_ll_usb.o(i.USB_DevInit)
    USB_DisableGlobalInt                     0x08003a99   Thumb Code    12  stm32l4xx_ll_usb.o(i.USB_DisableGlobalInt)
    USB_EP0StartXfer                         0x08003aa5   Thumb Code   298  stm32l4xx_ll_usb.o(i.USB_EP0StartXfer)
    USB_EP0_OutStart                         0x08003bcf   Thumb Code    46  stm32l4xx_ll_usb.o(i.USB_EP0_OutStart)
    USB_EPClearStall                         0x08003bfd   Thumb Code   102  stm32l4xx_ll_usb.o(i.USB_EPClearStall)
    USB_EPSetStall                           0x08003c63   Thumb Code   100  stm32l4xx_ll_usb.o(i.USB_EPSetStall)
    USB_EPStartXfer                          0x08003cc9   Thumb Code   606  stm32l4xx_ll_usb.o(i.USB_EPStartXfer)
    USB_EnableGlobalInt                      0x08003f27   Thumb Code    12  stm32l4xx_ll_usb.o(i.USB_EnableGlobalInt)
    USB_FlushTxFifo                          0x08003f35   Thumb Code    34  stm32l4xx_ll_usb.o(i.USB_FlushTxFifo)
    USB_GetMode                              0x08003f5d   Thumb Code     8  stm32l4xx_ll_usb.o(i.USB_GetMode)
    USB_ReadDevAllInEpInterrupt              0x08003f65   Thumb Code    14  stm32l4xx_ll_usb.o(i.USB_ReadDevAllInEpInterrupt)
    USB_ReadDevAllOutEpInterrupt             0x08003f73   Thumb Code    14  stm32l4xx_ll_usb.o(i.USB_ReadDevAllOutEpInterrupt)
    USB_ReadDevInEPInterrupt                 0x08003f81   Thumb Code    30  stm32l4xx_ll_usb.o(i.USB_ReadDevInEPInterrupt)
    USB_ReadDevOutEPInterrupt                0x08003f9f   Thumb Code    16  stm32l4xx_ll_usb.o(i.USB_ReadDevOutEPInterrupt)
    USB_ReadInterrupts                       0x08003faf   Thumb Code     8  stm32l4xx_ll_usb.o(i.USB_ReadInterrupts)
    USB_ReadPacket                           0x08003fb9   Thumb Code    58  stm32l4xx_ll_usb.o(i.USB_ReadPacket)
    USB_SetCurrentMode                       0x08003ff3   Thumb Code    46  stm32l4xx_ll_usb.o(i.USB_SetCurrentMode)
    USB_SetDevAddress                        0x08004021   Thumb Code    34  stm32l4xx_ll_usb.o(i.USB_SetDevAddress)
    USB_WritePacket                          0x08004043   Thumb Code    54  stm32l4xx_ll_usb.o(i.USB_WritePacket)
    UsageFault_Handler                       0x08004079   Thumb Code     2  stm32l4xx_it.o(i.UsageFault_Handler)
    __scatterload_copy                       0x0800407b   Thumb Code    14  handlers.o(i.__scatterload_copy)
    __scatterload_null                       0x08004089   Thumb Code     2  handlers.o(i.__scatterload_null)
    __scatterload_zeroinit                   0x0800408b   Thumb Code    14  handlers.o(i.__scatterload_zeroinit)
    main                                     0x08004099   Thumb Code    38  main.o(i.main)
    AHBPrescTable                            0x080040c0   Data          16  system_stm32l4xx.o(.constdata)
    MSIRangeTable                            0x080040d0   Data          48  system_stm32l4xx.o(.constdata)
    Region$$Table$$Base                      0x08004100   Number         0  anon$$obj.o(Region$$Table)
    Region$$Table$$Limit                     0x08004120   Number         0  anon$$obj.o(Region$$Table)
    USBD_CDC_CfgHSDesc                       0x20000014   Data          67  usbd_cdc.o(.data)
    USBD_CDC_CfgFSDesc                       0x20000058   Data          67  usbd_cdc.o(.data)
    USBD_CDC_OtherSpeedCfgDesc               0x2000009c   Data          67  usbd_cdc.o(.data)
    USBD_CDC                                 0x200000e0   Data          56  usbd_cdc.o(.data)
    SystemCoreClock                          0x20000118   Data           4  system_stm32l4xx.o(.data)
    uwTick                                   0x2000011c   Data           4  stm32l4xx_hal.o(.data)
    UserTxBufPtrIn                           0x20000120   Data           4  usbd_cdc_if.o(.data)
    UserTxBufPtrOut                          0x20000124   Data           4  usbd_cdc_if.o(.data)
    LineCoding                               0x20000128   Data           8  usbd_cdc_if.o(.data)
    USBD_Interface_fops_FS                   0x20000130   Data          16  usbd_cdc_if.o(.data)
    FS_Desc                                  0x20000140   Data          32  usbd_desc.o(.data)
    USBD_LangIDDesc                          0x20000160   Data           4  usbd_desc.o(.data)
    USBD_FS_DeviceDesc                       0x20000164   Data          18  usbd_desc.o(.data)
    USBD_FS_BOSDesc                          0x20000178   Data          12  usbd_desc.o(.data)
    hpcd_USB_OTG_FS                          0x200003a4   Data         972  usbd_conf.o(.bss)
    UserRxBufferFS                           0x20000770   Data        1024  usbd_cdc_if.o(.bss)
    UserTxBufferFS                           0x20000b70   Data        1024  usbd_cdc_if.o(.bss)
    USBD_StrDesc                             0x20000f70   Data         512  usbd_desc.o(.bss)
    hspi3                                    0x20001170   Data         100  spi.o(.bss)
    hdma_spi3_tx                             0x200011d4   Data          72  spi.o(.bss)
    hUsbDeviceFS                             0x2000121c   Data         548  usb_device.o(.bss)
    __initial_sp                             0x20002440   Data           0  startup_stm32l476xx.o(STACK)



==============================================================================

Memory Map of the image

  Image Entry point : 0x08000189

  Load Region LR_IROM1 (Base: 0x08000000, Size: 0x000042a4, Max: 0x00100000, ABSOLUTE, COMPRESSED[0x000041f0])

    Execution Region ER_IROM1 (Base: 0x08000000, Size: 0x00004120, Max: 0x00100000, ABSOLUTE)

    Base Addr    Size         Type   Attr      Idx    E Section Name        Object

    0x08000000   0x00000188   Data   RO         4247    RESET               startup_stm32l476xx.o
    0x08000188   0x00000000   Code   RO         4252  * .ARM.Collect$$$$00000000  mc_w.l(entry.o)
    0x08000188   0x00000004   Code   RO         4261    .ARM.Collect$$$$00000001  mc_w.l(entry2.o)
    0x0800018c   0x00000004   Code   RO         4264    .ARM.Collect$$$$00000004  mc_w.l(entry5.o)
    0x08000190   0x00000000   Code   RO         4266    .ARM.Collect$$$$00000008  mc_w.l(entry7b.o)
    0x08000190   0x00000000   Code   RO         4268    .ARM.Collect$$$$0000000A  mc_w.l(entry8b.o)
    0x08000190   0x00000008   Code   RO         4269    .ARM.Collect$$$$0000000B  mc_w.l(entry9a.o)
    0x08000198   0x00000000   Code   RO         4271    .ARM.Collect$$$$0000000D  mc_w.l(entry10a.o)
    0x08000198   0x00000000   Code   RO         4273    .ARM.Collect$$$$0000000F  mc_w.l(entry11a.o)
    0x08000198   0x00000004   Code   RO         4262    .ARM.Collect$$$$00002712  mc_w.l(entry2.o)
    0x0800019c   0x00000024   Code   RO         4248    .text               startup_stm32l476xx.o
    0x080001c0   0x00000024   Code   RO         4257    .text               mc_w.l(memcpya.o)
    0x080001e4   0x00000024   Code   RO         4279    .text               mc_w.l(init.o)
    0x08000208   0x00000056   Code   RO         4289    .text               mc_w.l(__dczerorl2.o)
    0x0800025e   0x00000002   Code   RO         3595    i.BusFault_Handler  stm32l4xx_it.o
    0x08000260   0x00000034   Code   RO         3939    i.CDC_Control_FS    usbd_cdc_if.o
    0x08000294   0x00000004   Code   RO         3940    i.CDC_DeInit_FS     usbd_cdc_if.o
    0x08000298   0x00000024   Code   RO         3941    i.CDC_Init_FS       usbd_cdc_if.o
    0x080002bc   0x00000058   Code   RO         3942    i.CDC_Receive_FS    usbd_cdc_if.o
    0x08000314   0x0000000c   Code   RO         3596    i.DMA2_Channel2_IRQHandler  stm32l4xx_it.o
    0x08000320   0x00000002   Code   RO         3597    i.DebugMon_Handler  stm32l4xx_it.o
    0x08000322   0x00000002   Code   RO         4021    i.Error_Handler     main.o
    0x08000324   0x000000cc   Code   RO         3051    i.HAL_DMA_IRQHandler  stm32l4xx_hal_dma.o
    0x080003f0   0x00000100   Code   RO         3052    i.HAL_DMA_Init      stm32l4xx_hal_dma.o
    0x080004f0   0x0000001e   Code   RO         2244    i.HAL_Delay         stm32l4xx_hal.o
    0x0800050e   0x00000002   PAD
    0x08000510   0x00000256   Code   RO         3385    i.HAL_GPIO_Init     stm32l4xx_hal_gpio.o
    0x08000766   0x00000002   PAD
    0x08000768   0x0000000c   Code   RO         2248    i.HAL_GetTick       stm32l4xx_hal.o
    0x08000774   0x00000010   Code   RO         2249    i.HAL_IncTick       stm32l4xx_hal.o
    0x08000784   0x00000016   Code   RO         2250    i.HAL_Init          stm32l4xx_hal.o
    0x0800079a   0x00000002   PAD
    0x0800079c   0x00000028   Code   RO         2251    i.HAL_InitTick      stm32l4xx_hal.o
    0x080007c4   0x00000080   Code   RO         3997    i.HAL_MspInit       stm32l4xx_hal_msp.o
    0x08000844   0x00000018   Code   RO         2931    i.HAL_NVIC_EnableIRQ  stm32l4xx_hal_cortex.o
    0x0800085c   0x00000064   Code   RO         2937    i.HAL_NVIC_SetPriority  stm32l4xx_hal_cortex.o
    0x080008c0   0x00000024   Code   RO         2938    i.HAL_NVIC_SetPriorityGrouping  stm32l4xx_hal_cortex.o
    0x080008e4   0x00000014   Code   RO          651    i.HAL_PCDEx_ActivateBCD  stm32l4xx_hal_pcd_ex.o
    0x080008f8   0x00000026   Code   RO          652    i.HAL_PCDEx_ActivateLPM  stm32l4xx_hal_pcd_ex.o
    0x0800091e   0x00000002   PAD
    0x08000920   0x00000064   Code   RO         3711    i.HAL_PCDEx_LPM_Callback  usbd_conf.o
    0x08000984   0x00000008   Code   RO          658    i.HAL_PCDEx_SetRxFiFo  stm32l4xx_hal_pcd_ex.o
    0x0800098c   0x0000004e   Code   RO          659    i.HAL_PCDEx_SetTxFiFo  stm32l4xx_hal_pcd_ex.o
    0x080009da   0x00000008   Code   RO         3713    i.HAL_PCD_ConnectCallback  usbd_conf.o
    0x080009e2   0x00000012   Code   RO         3714    i.HAL_PCD_DataInStageCallback  usbd_conf.o
    0x080009f4   0x00000014   Code   RO         3715    i.HAL_PCD_DataOutStageCallback  usbd_conf.o
    0x08000a08   0x00000008   Code   RO         3716    i.HAL_PCD_DisconnectCallback  usbd_conf.o
    0x08000a10   0x00000046   Code   RO          732    i.HAL_PCD_EP_Close  stm32l4xx_hal_pcd.o
    0x08000a56   0x0000004e   Code   RO          733    i.HAL_PCD_EP_ClrStall  stm32l4xx_hal_pcd.o
    0x08000aa4   0x00000014   Code   RO          735    i.HAL_PCD_EP_GetRxCount  stm32l4xx_hal_pcd.o
    0x08000ab8   0x0000004c   Code   RO          736    i.HAL_PCD_EP_Open   stm32l4xx_hal_pcd.o
    0x08000b04   0x00000056   Code   RO          737    i.HAL_PCD_EP_Receive  stm32l4xx_hal_pcd.o
    0x08000b5a   0x0000005e   Code   RO          738    i.HAL_PCD_EP_SetStall  stm32l4xx_hal_pcd.o
    0x08000bb8   0x00000052   Code   RO          739    i.HAL_PCD_EP_Transmit  stm32l4xx_hal_pcd.o
    0x08000c0a   0x00000002   PAD
    0x08000c0c   0x000006da   Code   RO          741    i.HAL_PCD_IRQHandler  stm32l4xx_hal_pcd.o
    0x080012e6   0x00000008   Code   RO         3717    i.HAL_PCD_ISOINIncompleteCallback  usbd_conf.o
    0x080012ee   0x00000008   Code   RO         3718    i.HAL_PCD_ISOOUTIncompleteCallback  usbd_conf.o
    0x080012f6   0x000000f8   Code   RO          744    i.HAL_PCD_Init      stm32l4xx_hal_pcd.o
    0x080013ee   0x00000002   PAD
    0x080013f0   0x0000009c   Code   RO         3720    i.HAL_PCD_MspInit   usbd_conf.o
    0x0800148c   0x0000001a   Code   RO         3721    i.HAL_PCD_ResetCallback  usbd_conf.o
    0x080014a6   0x00000002   PAD
    0x080014a8   0x00000034   Code   RO         3722    i.HAL_PCD_ResumeCallback  usbd_conf.o
    0x080014dc   0x00000008   Code   RO         3723    i.HAL_PCD_SOFCallback  usbd_conf.o
    0x080014e4   0x00000028   Code   RO          750    i.HAL_PCD_SetAddress  stm32l4xx_hal_pcd.o
    0x0800150c   0x0000000e   Code   RO         3724    i.HAL_PCD_SetupStageCallback  usbd_conf.o
    0x0800151a   0x0000002a   Code   RO          752    i.HAL_PCD_Start     stm32l4xx_hal_pcd.o
    0x08001544   0x00000034   Code   RO         3725    i.HAL_PCD_SuspendCallback  usbd_conf.o
    0x08001578   0x0000006c   Code   RO         3137    i.HAL_PWREx_ControlVoltageScaling  stm32l4xx_hal_pwr_ex.o
    0x080015e4   0x00000010   Code   RO         3162    i.HAL_PWREx_EnableVddIO2  stm32l4xx_hal_pwr_ex.o
    0x080015f4   0x00000010   Code   RO         3163    i.HAL_PWREx_EnableVddUSB  stm32l4xx_hal_pwr_ex.o
    0x08001604   0x00000010   Code   RO         3168    i.HAL_PWREx_GetVoltageRange  stm32l4xx_hal_pwr_ex.o
    0x08001614   0x0000040e   Code   RO         2447    i.HAL_RCCEx_PeriphCLKConfig  stm32l4xx_hal_rcc_ex.o
    0x08001a22   0x00000002   PAD
    0x08001a24   0x000001a8   Code   RO         3449    i.HAL_RCC_ClockConfig  stm32l4xx_hal_rcc.o
    0x08001bcc   0x0000000c   Code   RO         3453    i.HAL_RCC_GetHCLKFreq  stm32l4xx_hal_rcc.o
    0x08001bd8   0x0000012c   Code   RO         3457    i.HAL_RCC_GetSysClockFreq  stm32l4xx_hal_rcc.o
    0x08001d04   0x00000620   Code   RO         3460    i.HAL_RCC_OscConfig  stm32l4xx_hal_rcc.o
    0x08002324   0x000000b4   Code   RO         2579    i.HAL_SPI_Init      stm32l4xx_hal_spi.o
    0x080023d8   0x00000088   Code   RO         4143    i.HAL_SPI_MspInit   spi.o
    0x08002460   0x00000016   Code   RO         2940    i.HAL_SYSTICK_CLKSourceConfig  stm32l4xx_hal_cortex.o
    0x08002476   0x00000002   Code   RO         2941    i.HAL_SYSTICK_Callback  stm32l4xx_hal_cortex.o
    0x08002478   0x0000002c   Code   RO         2942    i.HAL_SYSTICK_Config  stm32l4xx_hal_cortex.o
    0x080024a4   0x00000008   Code   RO         2943    i.HAL_SYSTICK_IRQHandler  stm32l4xx_hal_cortex.o
    0x080024ac   0x00000002   Code   RO         3598    i.HardFault_Handler  stm32l4xx_it.o
    0x080024ae   0x00000002   PAD
    0x080024b0   0x0000002c   Code   RO         3683    i.MX_DMA_Init       dma.o
    0x080024dc   0x000000e0   Code   RO         4184    i.MX_GPIO_Init      gpio.o
    0x080025bc   0x00000050   Code   RO         4144    i.MX_SPI3_Init      spi.o
    0x0800260c   0x00000044   Code   RO         4209    i.MX_USB_DEVICE_Init  usb_device.o
    0x08002650   0x0000004c   Code   RO         3944    i.Main_loop         usbd_cdc_if.o
    0x0800269c   0x00000002   Code   RO         3599    i.MemManage_Handler  stm32l4xx_it.o
    0x0800269e   0x00000002   Code   RO         3600    i.NMI_Handler       stm32l4xx_it.o
    0x080026a0   0x0000000c   Code   RO         3601    i.OTG_FS_IRQHandler  stm32l4xx_it.o
    0x080026ac   0x00000002   Code   RO         3602    i.PendSV_Handler    stm32l4xx_it.o
    0x080026ae   0x00000002   PAD
    0x080026b0   0x000001a4   Code   RO         2450    i.RCCEx_PLLSAI1_Config  stm32l4xx_hal_rcc_ex.o
    0x08002854   0x00000168   Code   RO         2451    i.RCCEx_PLLSAI2_Config  stm32l4xx_hal_rcc_ex.o
    0x080029bc   0x00000002   Code   RO         3603    i.SVC_Handler       stm32l4xx_it.o
    0x080029be   0x0000000e   Code   RO         3604    i.SysTick_Handler   stm32l4xx_it.o
    0x080029cc   0x000000a6   Code   RO         4022    i.SystemClock_Config  main.o
    0x08002a72   0x00000002   PAD
    0x08002a74   0x00000048   Code   RO          500    i.SystemInit        system_stm32l4xx.o
    0x08002abc   0x00000016   Code   RO          389    i.USBD_CDC_DataIn   usbd_cdc.o
    0x08002ad2   0x00000030   Code   RO          390    i.USBD_CDC_DataOut  usbd_cdc.o
    0x08002b02   0x0000003c   Code   RO          391    i.USBD_CDC_DeInit   usbd_cdc.o
    0x08002b3e   0x00000026   Code   RO          392    i.USBD_CDC_EP0_RxReady  usbd_cdc.o
    0x08002b64   0x0000000c   Code   RO          393    i.USBD_CDC_GetDeviceQualifierDescriptor  usbd_cdc.o
    0x08002b70   0x0000000c   Code   RO          394    i.USBD_CDC_GetFSCfgDesc  usbd_cdc.o
    0x08002b7c   0x0000000c   Code   RO          395    i.USBD_CDC_GetHSCfgDesc  usbd_cdc.o
    0x08002b88   0x0000000c   Code   RO          396    i.USBD_CDC_GetOtherSpeedCfgDesc  usbd_cdc.o
    0x08002b94   0x0000009a   Code   RO          397    i.USBD_CDC_Init     usbd_cdc.o
    0x08002c2e   0x00000030   Code   RO          398    i.USBD_CDC_ReceivePacket  usbd_cdc.o
    0x08002c5e   0x00000010   Code   RO          399    i.USBD_CDC_RegisterInterface  usbd_cdc.o
    0x08002c6e   0x0000000c   Code   RO          400    i.USBD_CDC_SetRxBuffer  usbd_cdc.o
    0x08002c7a   0x00000010   Code   RO          401    i.USBD_CDC_SetTxBuffer  usbd_cdc.o
    0x08002c8a   0x00000002   PAD
    0x08002c8c   0x00000078   Code   RO          402    i.USBD_CDC_Setup    usbd_cdc.o
    0x08002d04   0x00000034   Code   RO          403    i.USBD_CDC_TransmitPacket  usbd_cdc.o
    0x08002d38   0x0000000e   Code   RO          196    i.USBD_ClrClassConfig  usbd_core.o
    0x08002d46   0x00000010   Code   RO            4    i.USBD_CtlContinueRx  usbd_ioreq.o
    0x08002d56   0x00000010   Code   RO            5    i.USBD_CtlContinueSendData  usbd_ioreq.o
    0x08002d66   0x0000001e   Code   RO            6    i.USBD_CtlPrepareRx  usbd_ioreq.o
    0x08002d84   0x00000016   Code   RO            7    i.USBD_CtlReceiveStatus  usbd_ioreq.o
    0x08002d9a   0x0000001a   Code   RO            8    i.USBD_CtlSendData  usbd_ioreq.o
    0x08002db4   0x00000016   Code   RO            9    i.USBD_CtlSendStatus  usbd_ioreq.o
    0x08002dca   0x00000002   PAD
    0x08002dcc   0x00000020   Code   RO         4068    i.USBD_FS_ConfigStrDescriptor  usbd_desc.o
    0x08002dec   0x0000000c   Code   RO         4069    i.USBD_FS_DeviceDescriptor  usbd_desc.o
    0x08002df8   0x00000024   Code   RO         4070    i.USBD_FS_InterfaceStrDescriptor  usbd_desc.o
    0x08002e1c   0x0000000c   Code   RO         4071    i.USBD_FS_LangIDStrDescriptor  usbd_desc.o
    0x08002e28   0x00000028   Code   RO         4072    i.USBD_FS_ManufacturerStrDescriptor  usbd_desc.o
    0x08002e50   0x0000002c   Code   RO         4073    i.USBD_FS_ProductStrDescriptor  usbd_desc.o
    0x08002e7c   0x00000024   Code   RO         4074    i.USBD_FS_SerialStrDescriptor  usbd_desc.o
    0x08002ea0   0x0000000c   Code   RO         4075    i.USBD_FS_USR_BOSDescriptor  usbd_desc.o
    0x08002eac   0x00000068   Code   RO          335    i.USBD_GetString    usbd_ctlreq.o
    0x08002f14   0x00000030   Code   RO          198    i.USBD_Init         usbd_core.o
    0x08002f44   0x00000010   Code   RO         3726    i.USBD_LL_BatteryCharging  usbd_conf.o
    0x08002f54   0x00000020   Code   RO         3727    i.USBD_LL_ClearStallEP  usbd_conf.o
    0x08002f74   0x00000020   Code   RO         3728    i.USBD_LL_CloseEP   usbd_conf.o
    0x08002f94   0x000000b0   Code   RO          199    i.USBD_LL_DataInStage  usbd_core.o
    0x08003044   0x0000006a   Code   RO          200    i.USBD_LL_DataOutStage  usbd_core.o
    0x080030ae   0x00000004   Code   RO          201    i.USBD_LL_DevConnected  usbd_core.o
    0x080030b2   0x00000016   Code   RO          202    i.USBD_LL_DevDisconnected  usbd_core.o
    0x080030c8   0x00000008   Code   RO         3732    i.USBD_LL_GetRxDataSize  usbd_conf.o
    0x080030d0   0x00000064   Code   RO         3733    i.USBD_LL_Init      usbd_conf.o
    0x08003134   0x00000020   Code   RO         3734    i.USBD_LL_IsStallEP  usbd_conf.o
    0x08003154   0x00000004   Code   RO          203    i.USBD_LL_IsoINIncomplete  usbd_core.o
    0x08003158   0x00000004   Code   RO          204    i.USBD_LL_IsoOUTIncomplete  usbd_core.o
    0x0800315c   0x00000026   Code   RO         3735    i.USBD_LL_OpenEP    usbd_conf.o
    0x08003182   0x00000020   Code   RO         3736    i.USBD_LL_PrepareReceive  usbd_conf.o
    0x080031a2   0x0000003e   Code   RO          205    i.USBD_LL_Reset     usbd_core.o
    0x080031e0   0x0000000c   Code   RO          206    i.USBD_LL_Resume    usbd_core.o
    0x080031ec   0x0000001a   Code   RO          207    i.USBD_LL_SOF       usbd_core.o
    0x08003206   0x00000006   Code   RO          208    i.USBD_LL_SetSpeed  usbd_core.o
    0x0800320c   0x00000020   Code   RO         3737    i.USBD_LL_SetUSBAddress  usbd_conf.o
    0x0800322c   0x0000005e   Code   RO          209    i.USBD_LL_SetupStage  usbd_core.o
    0x0800328a   0x00000020   Code   RO         3738    i.USBD_LL_StallEP   usbd_conf.o
    0x080032aa   0x00000020   Code   RO         3739    i.USBD_LL_Start     usbd_conf.o
    0x080032ca   0x00000012   Code   RO          210    i.USBD_LL_Suspend   usbd_core.o
    0x080032dc   0x00000020   Code   RO         3741    i.USBD_LL_Transmit  usbd_conf.o
    0x080032fc   0x00000028   Code   RO          336    i.USBD_ParseSetupRequest  usbd_ctlreq.o
    0x08003324   0x00000010   Code   RO          211    i.USBD_RegisterClass  usbd_core.o
    0x08003334   0x00000018   Code   RO          213    i.USBD_SetClassConfig  usbd_core.o
    0x0800334c   0x0000000a   Code   RO          214    i.USBD_Start        usbd_core.o
    0x08003356   0x00000002   PAD
    0x08003358   0x000002b4   Code   RO          337    i.USBD_StdDevReq    usbd_ctlreq.o
    0x0800360c   0x0000010a   Code   RO          338    i.USBD_StdEPReq     usbd_ctlreq.o
    0x08003716   0x00000040   Code   RO          339    i.USBD_StdItfReq    usbd_ctlreq.o
    0x08003756   0x00000002   Code   RO         3742    i.USBD_static_free  usbd_conf.o
    0x08003758   0x00000008   Code   RO         3743    i.USBD_static_malloc  usbd_conf.o
    0x08003760   0x00000090   Code   RO         1817    i.USB_ActivateEndpoint  stm32l4xx_ll_usb.o
    0x080037f0   0x00000034   Code   RO         1819    i.USB_ActivateSetup  stm32l4xx_ll_usb.o
    0x08003824   0x0000001c   Code   RO         1821    i.USB_CoreInit      stm32l4xx_ll_usb.o
    0x08003840   0x0000004c   Code   RO         1822    i.USB_CoreReset     stm32l4xx_ll_usb.o
    0x0800388c   0x0000007c   Code   RO         1825    i.USB_DeactivateEndpoint  stm32l4xx_ll_usb.o
    0x08003908   0x00000018   Code   RO         1826    i.USB_DevConnect    stm32l4xx_ll_usb.o
    0x08003920   0x00000018   Code   RO         1827    i.USB_DevDisconnect  stm32l4xx_ll_usb.o
    0x08003938   0x00000160   Code   RO         1828    i.USB_DevInit       stm32l4xx_ll_usb.o
    0x08003a98   0x0000000c   Code   RO         1829    i.USB_DisableGlobalInt  stm32l4xx_ll_usb.o
    0x08003aa4   0x0000012a   Code   RO         1832    i.USB_EP0StartXfer  stm32l4xx_ll_usb.o
    0x08003bce   0x0000002e   Code   RO         1833    i.USB_EP0_OutStart  stm32l4xx_ll_usb.o
    0x08003bfc   0x00000066   Code   RO         1834    i.USB_EPClearStall  stm32l4xx_ll_usb.o
    0x08003c62   0x00000064   Code   RO         1835    i.USB_EPSetStall    stm32l4xx_ll_usb.o
    0x08003cc6   0x00000002   PAD
    0x08003cc8   0x0000025e   Code   RO         1836    i.USB_EPStartXfer   stm32l4xx_ll_usb.o
    0x08003f26   0x0000000c   Code   RO         1837    i.USB_EnableGlobalInt  stm32l4xx_ll_usb.o
    0x08003f32   0x00000002   PAD
    0x08003f34   0x00000028   Code   RO         1839    i.USB_FlushTxFifo   stm32l4xx_ll_usb.o
    0x08003f5c   0x00000008   Code   RO         1843    i.USB_GetMode       stm32l4xx_ll_usb.o
    0x08003f64   0x0000000e   Code   RO         1850    i.USB_ReadDevAllInEpInterrupt  stm32l4xx_ll_usb.o
    0x08003f72   0x0000000e   Code   RO         1851    i.USB_ReadDevAllOutEpInterrupt  stm32l4xx_ll_usb.o
    0x08003f80   0x0000001e   Code   RO         1852    i.USB_ReadDevInEPInterrupt  stm32l4xx_ll_usb.o
    0x08003f9e   0x00000010   Code   RO         1853    i.USB_ReadDevOutEPInterrupt  stm32l4xx_ll_usb.o
    0x08003fae   0x00000008   Code   RO         1854    i.USB_ReadInterrupts  stm32l4xx_ll_usb.o
    0x08003fb6   0x00000002   PAD
    0x08003fb8   0x0000003a   Code   RO         1855    i.USB_ReadPacket    stm32l4xx_ll_usb.o
    0x08003ff2   0x0000002e   Code   RO         1857    i.USB_SetCurrentMode  stm32l4xx_ll_usb.o
    0x08004020   0x00000022   Code   RO         1858    i.USB_SetDevAddress  stm32l4xx_ll_usb.o
    0x08004042   0x00000036   Code   RO         1862    i.USB_WritePacket   stm32l4xx_ll_usb.o
    0x08004078   0x00000002   Code   RO         3605    i.UsageFault_Handler  stm32l4xx_it.o
    0x0800407a   0x0000000e   Code   RO         4283    i.__scatterload_copy  mc_w.l(handlers.o)
    0x08004088   0x00000002   Code   RO         4284    i.__scatterload_null  mc_w.l(handlers.o)
    0x0800408a   0x0000000e   Code   RO         4285    i.__scatterload_zeroinit  mc_w.l(handlers.o)
    0x08004098   0x00000026   Code   RO         4023    i.main              main.o
    0x080040be   0x00000002   PAD
    0x080040c0   0x00000040   Data   RO          501    .constdata          system_stm32l4xx.o
    0x08004100   0x00000020   Data   RO         4281    Region$$Table       anon$$obj.o


    Execution Region RW_IRAM1 (Base: 0x20000000, Size: 0x00002440, Max: 0x00018000, ABSOLUTE, COMPRESSED[0x000000d0])

    Base Addr    Size         Type   Attr      Idx    E Section Name        Object

    0x20000000   0x00000001   Data   RW          340    .data               usbd_ctlreq.o
    0x20000001   0x00000003   PAD
    0x20000004   0x000000db   Data   RW          404    .data               usbd_cdc.o
    0x200000df   0x00000001   PAD
    0x200000e0   0x00000038   Data   RW          405    .data               usbd_cdc.o
    0x20000118   0x00000004   Data   RW          503    .data               system_stm32l4xx.o
    0x2000011c   0x00000004   Data   RW         2266    .data               stm32l4xx_hal.o
    0x20000120   0x00000010   Data   RW         3946    .data               usbd_cdc_if.o
    0x20000130   0x00000010   Data   RW         3947    .data               usbd_cdc_if.o
    0x20000140   0x00000020   Data   RW         4077    .data               usbd_desc.o
    0x20000160   0x00000024   Data   RW         4078    .data               usbd_desc.o
    0x20000184   0x000005ec   Zero   RW         3744    .bss                usbd_conf.o
    0x20000770   0x00000800   Zero   RW         3945    .bss                usbd_cdc_if.o
    0x20000f70   0x00000200   Zero   RW         4076    .bss                usbd_desc.o
    0x20001170   0x000000ac   Zero   RW         4145    .bss                spi.o
    0x2000121c   0x00000224   Zero   RW         4210    .bss                usb_device.o
    0x20001440   0x00001000   Zero   RW         4245    STACK               startup_stm32l476xx.o


==============================================================================

Image component sizes


      Code (inc. data)   RO Data    RW Data    ZI Data      Debug   Object Name

        44          4          0          0          0        746   dma.o
       224         22          0          0          0       1043   gpio.o
       206          0          0          0          0       2014   main.o
       216         26          0          0        172       1734   spi.o
        36          8        392          0       4096        800   startup_stm32l476xx.o
       120         18          0          4          0       4127   stm32l4xx_hal.o
       236         16          0          0          0      31649   stm32l4xx_hal_cortex.o
       460         28          0          0          0       2296   stm32l4xx_hal_dma.o
       598         20          0          0          0       1836   stm32l4xx_hal_gpio.o
       128          6          0          0          0        898   stm32l4xx_hal_msp.o
      2590         66          0          0          0      11344   stm32l4xx_hal_pcd.o
       144          0          0          0          0       3092   stm32l4xx_hal_pcd_ex.o
       156         26          0          0          0       2444   stm32l4xx_hal_pwr_ex.o
      2304         62          0          0          0       5934   stm32l4xx_hal_rcc.o
      1818         20          0          0          0       4196   stm32l4xx_hal_rcc_ex.o
       180          0          0          0          0       1704   stm32l4xx_hal_spi.o
        54         12          0          0          0       5025   stm32l4xx_it.o
      2322         28          0          0          0      19024   stm32l4xx_ll_usb.o
        72         14         64          4          0       1205   system_stm32l4xx.o
        68         18          0          0        548        728   usb_device.o
       634         22          0        275          0      13038   usbd_cdc.o
       256         42          0         32       2048       3668   usbd_cdc_if.o
       906         28          0          0       1516      18344   usbd_conf.o
       646          0          0          0          0      11902   usbd_core.o
      1166         22          0          1          0       6640   usbd_ctlreq.o
       224        120          0         68        512       5723   usbd_desc.o
       132          0          0          0          0     795688   usbd_ioreq.o

    ----------------------------------------------------------------------
     15976        628        488        388       8892     956842   Object Totals
         0          0         32          0          0          0   (incl. Generated)
        36          0          0          4          0          0   (incl. Padding)

    ----------------------------------------------------------------------

      Code (inc. data)   RO Data    RW Data    ZI Data      Debug   Library Member Name

        86          0          0          0          0          0   __dczerorl2.o
         0          0          0          0          0          0   entry.o
         0          0          0          0          0          0   entry10a.o
         0          0          0          0          0          0   entry11a.o
         8          4          0          0          0          0   entry2.o
         4          0          0          0          0          0   entry5.o
         0          0          0          0          0          0   entry7b.o
         0          0          0          0          0          0   entry8b.o
         8          4          0          0          0          0   entry9a.o
        30          0          0          0          0          0   handlers.o
        36          8          0          0          0         68   init.o
        36          0          0          0          0         68   memcpya.o

    ----------------------------------------------------------------------
       208         16          0          0          0        136   Library Totals
         0          0          0          0          0          0   (incl. Padding)

    ----------------------------------------------------------------------

      Code (inc. data)   RO Data    RW Data    ZI Data      Debug   Library Name

       208         16          0          0          0        136   mc_w.l

    ----------------------------------------------------------------------
       208         16          0          0          0        136   Library Totals

    ----------------------------------------------------------------------

==============================================================================


      Code (inc. data)   RO Data    RW Data    ZI Data      Debug   

     16184        644        488        388       8892     940762   Grand Totals
     16184        644        488        208       8892     940762   ELF Image Totals (compressed)
     16184        644        488        208          0          0   ROM Totals

==============================================================================

    Total RO  Size (Code + RO Data)                16672 (  16.28kB)
    Total RW  Size (RW Data + ZI Data)              9280 (   9.06kB)
    Total ROM Size (Code + RO Data + RW Data)      16880 (  16.48kB)

==============================================================================

